MPI VERSION    : CRAY MPICH version 8.1.32.110 (ANL base 3.4a2)
MPI BUILD INFO : Thu Feb 06 22:55 2025 (git hash f9c5634) (CH4)
# exe /container/bin/report_placement
# mpi MPI VERSION    : CRAY MPICH version 8.1.32.110 (ANL base 3.4a2)
# thread_level requested=FUNNELED provided=FUNNELED
# openmp 201511 procbind spread | ranks 16 | topology sysfs | mpiname dec0153
# env OMP_NUM_THREADS=16 OMP_PROC_BIND=spread OMP_PLACES=threads PBS_JOBID=7092561.desched1
MPI rank 0/16 thread 0/16 host dec0153 cpu 0 core 0 socket 0 numa 0 l3 0 place 0 nallowed 1 affinity 0
MPI rank 0/16 thread 1/16 host dec0153 cpu 1 core 1 socket 0 numa 0 l3 0 place 1 nallowed 1 affinity 1
MPI rank 0/16 thread 2/16 host dec0153 cpu 2 core 2 socket 0 numa 0 l3 0 place 2 nallowed 1 affinity 2
MPI rank 0/16 thread 3/16 host dec0153 cpu 3 core 3 socket 0 numa 0 l3 0 place 3 nallowed 1 affinity 3
MPI rank 0/16 thread 4/16 host dec0153 cpu 4 core 4 socket 0 numa 0 l3 0 place 4 nallowed 1 affinity 4
MPI rank 0/16 thread 5/16 host dec0153 cpu 5 core 5 socket 0 numa 0 l3 0 place 5 nallowed 1 affinity 5
MPI rank 0/16 thread 6/16 host dec0153 cpu 6 core 6 socket 0 numa 0 l3 0 place 6 nallowed 1 affinity 6
MPI rank 0/16 thread 7/16 host dec0153 cpu 7 core 7 socket 0 numa 0 l3 0 place 7 nallowed 1 affinity 7
MPI rank 0/16 thread 8/16 host dec0153 cpu 8 core 8 socket 0 numa 0 l3 8 place 8 nallowed 1 affinity 8
MPI rank 0/16 thread 9/16 host dec0153 cpu 9 core 9 socket 0 numa 0 l3 8 place 9 nallowed 1 affinity 9
MPI rank 0/16 thread 10/16 host dec0153 cpu 10 core 10 socket 0 numa 0 l3 8 place 10 nallowed 1 affinity 10
MPI rank 0/16 thread 11/16 host dec0153 cpu 11 core 11 socket 0 numa 0 l3 8 place 11 nallowed 1 affinity 11
MPI rank 0/16 thread 12/16 host dec0153 cpu 12 core 12 socket 0 numa 0 l3 8 place 12 nallowed 1 affinity 12
MPI rank 0/16 thread 13/16 host dec0153 cpu 13 core 13 socket 0 numa 0 l3 8 place 13 nallowed 1 affinity 13
MPI rank 0/16 thread 14/16 host dec0153 cpu 14 core 14 socket 0 numa 0 l3 8 place 14 nallowed 1 affinity 14
MPI rank 0/16 thread 15/16 host dec0153 cpu 15 core 15 socket 0 numa 0 l3 8 place 15 nallowed 1 affinity 15
MPI rank 1/16 thread 0/16 host dec0153 cpu 16 core 16 socket 0 numa 1 l3 16 place 0 nallowed 1 affinity 16
MPI rank 1/16 thread 1/16 host dec0153 cpu 17 core 17 socket 0 numa 1 l3 16 place 1 nallowed 1 affinity 17
MPI rank 1/16 thread 2/16 host dec0153 cpu 18 core 18 socket 0 numa 1 l3 16 place 2 nallowed 1 affinity 18
MPI rank 1/16 thread 3/16 host dec0153 cpu 19 core 19 socket 0 numa 1 l3 16 place 3 nallowed 1 affinity 19
MPI rank 1/16 thread 4/16 host dec0153 cpu 20 core 20 socket 0 numa 1 l3 16 place 4 nallowed 1 affinity 20
MPI rank 1/16 thread 5/16 host dec0153 cpu 21 core 21 socket 0 numa 1 l3 16 place 5 nallowed 1 affinity 21
MPI rank 1/16 thread 6/16 host dec0153 cpu 22 core 22 socket 0 numa 1 l3 16 place 6 nallowed 1 affinity 22
MPI rank 1/16 thread 7/16 host dec0153 cpu 23 core 23 socket 0 numa 1 l3 16 place 7 nallowed 1 affinity 23
MPI rank 1/16 thread 8/16 host dec0153 cpu 24 core 24 socket 0 numa 1 l3 24 place 8 nallowed 1 affinity 24
MPI rank 1/16 thread 9/16 host dec0153 cpu 25 core 25 socket 0 numa 1 l3 24 place 9 nallowed 1 affinity 25
MPI rank 1/16 thread 10/16 host dec0153 cpu 26 core 26 socket 0 numa 1 l3 24 place 10 nallowed 1 affinity 26
MPI rank 1/16 thread 11/16 host dec0153 cpu 27 core 27 socket 0 numa 1 l3 24 place 11 nallowed 1 affinity 27
MPI rank 1/16 thread 12/16 host dec0153 cpu 28 core 28 socket 0 numa 1 l3 24 place 12 nallowed 1 affinity 28
MPI rank 1/16 thread 13/16 host dec0153 cpu 29 core 29 socket 0 numa 1 l3 24 place 13 nallowed 1 affinity 29
MPI rank 1/16 thread 14/16 host dec0153 cpu 30 core 30 socket 0 numa 1 l3 24 place 14 nallowed 1 affinity 30
MPI rank 1/16 thread 15/16 host dec0153 cpu 31 core 31 socket 0 numa 1 l3 24 place 15 nallowed 1 affinity 31
MPI rank 2/16 thread 0/16 host dec0153 cpu 32 core 32 socket 0 numa 2 l3 32 place 0 nallowed 1 affinity 32
MPI rank 2/16 thread 1/16 host dec0153 cpu 33 core 33 socket 0 numa 2 l3 32 place 1 nallowed 1 affinity 33
MPI rank 2/16 thread 2/16 host dec0153 cpu 34 core 34 socket 0 numa 2 l3 32 place 2 nallowed 1 affinity 34
MPI rank 2/16 thread 3/16 host dec0153 cpu 35 core 35 socket 0 numa 2 l3 32 place 3 nallowed 1 affinity 35
MPI rank 2/16 thread 4/16 host dec0153 cpu 36 core 36 socket 0 numa 2 l3 32 place 4 nallowed 1 affinity 36
MPI rank 2/16 thread 5/16 host dec0153 cpu 37 core 37 socket 0 numa 2 l3 32 place 5 nallowed 1 affinity 37
MPI rank 2/16 thread 6/16 host dec0153 cpu 38 core 38 socket 0 numa 2 l3 32 place 6 nallowed 1 affinity 38
MPI rank 2/16 thread 7/16 host dec0153 cpu 39 core 39 socket 0 numa 2 l3 32 place 7 nallowed 1 affinity 39
MPI rank 2/16 thread 8/16 host dec0153 cpu 40 core 40 socket 0 numa 2 l3 40 place 8 nallowed 1 affinity 40
MPI rank 2/16 thread 9/16 host dec0153 cpu 41 core 41 socket 0 numa 2 l3 40 place 9 nallowed 1 affinity 41
MPI rank 2/16 thread 10/16 host dec0153 cpu 42 core 42 socket 0 numa 2 l3 40 place 10 nallowed 1 affinity 42
MPI rank 2/16 thread 11/16 host dec0153 cpu 43 core 43 socket 0 numa 2 l3 40 place 11 nallowed 1 affinity 43
MPI rank 2/16 thread 12/16 host dec0153 cpu 44 core 44 socket 0 numa 2 l3 40 place 12 nallowed 1 affinity 44
MPI rank 2/16 thread 13/16 host dec0153 cpu 45 core 45 socket 0 numa 2 l3 40 place 13 nallowed 1 affinity 45
MPI rank 2/16 thread 14/16 host dec0153 cpu 46 core 46 socket 0 numa 2 l3 40 place 14 nallowed 1 affinity 46
MPI rank 2/16 thread 15/16 host dec0153 cpu 47 core 47 socket 0 numa 2 l3 40 place 15 nallowed 1 affinity 47
MPI rank 3/16 thread 0/16 host dec0153 cpu 48 core 48 socket 0 numa 3 l3 48 place 0 nallowed 1 affinity 48
MPI rank 3/16 thread 1/16 host dec0153 cpu 49 core 49 socket 0 numa 3 l3 48 place 1 nallowed 1 affinity 49
MPI rank 3/16 thread 2/16 host dec0153 cpu 50 core 50 socket 0 numa 3 l3 48 place 2 nallowed 1 affinity 50
MPI rank 3/16 thread 3/16 host dec0153 cpu 51 core 51 socket 0 numa 3 l3 48 place 3 nallowed 1 affinity 51
MPI rank 3/16 thread 4/16 host dec0153 cpu 52 core 52 socket 0 numa 3 l3 48 place 4 nallowed 1 affinity 52
MPI rank 3/16 thread 5/16 host dec0153 cpu 53 core 53 socket 0 numa 3 l3 48 place 5 nallowed 1 affinity 53
MPI rank 3/16 thread 6/16 host dec0153 cpu 54 core 54 socket 0 numa 3 l3 48 place 6 nallowed 1 affinity 54
MPI rank 3/16 thread 7/16 host dec0153 cpu 55 core 55 socket 0 numa 3 l3 48 place 7 nallowed 1 affinity 55
MPI rank 3/16 thread 8/16 host dec0153 cpu 56 core 56 socket 0 numa 3 l3 56 place 8 nallowed 1 affinity 56
MPI rank 3/16 thread 9/16 host dec0153 cpu 57 core 57 socket 0 numa 3 l3 56 place 9 nallowed 1 affinity 57
MPI rank 3/16 thread 10/16 host dec0153 cpu 58 core 58 socket 0 numa 3 l3 56 place 10 nallowed 1 affinity 58
MPI rank 3/16 thread 11/16 host dec0153 cpu 59 core 59 socket 0 numa 3 l3 56 place 11 nallowed 1 affinity 59
MPI rank 3/16 thread 12/16 host dec0153 cpu 60 core 60 socket 0 numa 3 l3 56 place 12 nallowed 1 affinity 60
MPI rank 3/16 thread 13/16 host dec0153 cpu 61 core 61 socket 0 numa 3 l3 56 place 13 nallowed 1 affinity 61
MPI rank 3/16 thread 14/16 host dec0153 cpu 62 core 62 socket 0 numa 3 l3 56 place 14 nallowed 1 affinity 62
MPI rank 3/16 thread 15/16 host dec0153 cpu 63 core 63 socket 0 numa 3 l3 56 place 15 nallowed 1 affinity 63
MPI rank 4/16 thread 0/16 host dec0153 cpu 64 core 64 socket 1 numa 4 l3 64 place 0 nallowed 1 affinity 64
MPI rank 4/16 thread 1/16 host dec0153 cpu 65 core 65 socket 1 numa 4 l3 64 place 1 nallowed 1 affinity 65
MPI rank 4/16 thread 2/16 host dec0153 cpu 66 core 66 socket 1 numa 4 l3 64 place 2 nallowed 1 affinity 66
MPI rank 4/16 thread 3/16 host dec0153 cpu 67 core 67 socket 1 numa 4 l3 64 place 3 nallowed 1 affinity 67
MPI rank 4/16 thread 4/16 host dec0153 cpu 68 core 68 socket 1 numa 4 l3 64 place 4 nallowed 1 affinity 68
MPI rank 4/16 thread 5/16 host dec0153 cpu 69 core 69 socket 1 numa 4 l3 64 place 5 nallowed 1 affinity 69
MPI rank 4/16 thread 6/16 host dec0153 cpu 70 core 70 socket 1 numa 4 l3 64 place 6 nallowed 1 affinity 70
MPI rank 4/16 thread 7/16 host dec0153 cpu 71 core 71 socket 1 numa 4 l3 64 place 7 nallowed 1 affinity 71
MPI rank 4/16 thread 8/16 host dec0153 cpu 72 core 72 socket 1 numa 4 l3 72 place 8 nallowed 1 affinity 72
MPI rank 4/16 thread 9/16 host dec0153 cpu 73 core 73 socket 1 numa 4 l3 72 place 9 nallowed 1 affinity 73
MPI rank 4/16 thread 10/16 host dec0153 cpu 74 core 74 socket 1 numa 4 l3 72 place 10 nallowed 1 affinity 74
MPI rank 4/16 thread 11/16 host dec0153 cpu 75 core 75 socket 1 numa 4 l3 72 place 11 nallowed 1 affinity 75
MPI rank 4/16 thread 12/16 host dec0153 cpu 76 core 76 socket 1 numa 4 l3 72 place 12 nallowed 1 affinity 76
MPI rank 4/16 thread 13/16 host dec0153 cpu 77 core 77 socket 1 numa 4 l3 72 place 13 nallowed 1 affinity 77
MPI rank 4/16 thread 14/16 host dec0153 cpu 78 core 78 socket 1 numa 4 l3 72 place 14 nallowed 1 affinity 78
MPI rank 4/16 thread 15/16 host dec0153 cpu 79 core 79 socket 1 numa 4 l3 72 place 15 nallowed 1 affinity 79
MPI rank 5/16 thread 0/16 host dec0153 cpu 80 core 80 socket 1 numa 5 l3 80 place 0 nallowed 1 affinity 80
MPI rank 5/16 thread 1/16 host dec0153 cpu 81 core 81 socket 1 numa 5 l3 80 place 1 nallowed 1 affinity 81
MPI rank 5/16 thread 2/16 host dec0153 cpu 82 core 82 socket 1 numa 5 l3 80 place 2 nallowed 1 affinity 82
MPI rank 5/16 thread 3/16 host dec0153 cpu 83 core 83 socket 1 numa 5 l3 80 place 3 nallowed 1 affinity 83
MPI rank 5/16 thread 4/16 host dec0153 cpu 84 core 84 socket 1 numa 5 l3 80 place 4 nallowed 1 affinity 84
MPI rank 5/16 thread 5/16 host dec0153 cpu 85 core 85 socket 1 numa 5 l3 80 place 5 nallowed 1 affinity 85
MPI rank 5/16 thread 6/16 host dec0153 cpu 86 core 86 socket 1 numa 5 l3 80 place 6 nallowed 1 affinity 86
MPI rank 5/16 thread 7/16 host dec0153 cpu 87 core 87 socket 1 numa 5 l3 80 place 7 nallowed 1 affinity 87
MPI rank 5/16 thread 8/16 host dec0153 cpu 88 core 88 socket 1 numa 5 l3 88 place 8 nallowed 1 affinity 88
MPI rank 5/16 thread 9/16 host dec0153 cpu 89 core 89 socket 1 numa 5 l3 88 place 9 nallowed 1 affinity 89
MPI rank 5/16 thread 10/16 host dec0153 cpu 90 core 90 socket 1 numa 5 l3 88 place 10 nallowed 1 affinity 90
MPI rank 5/16 thread 11/16 host dec0153 cpu 91 core 91 socket 1 numa 5 l3 88 place 11 nallowed 1 affinity 91
MPI rank 5/16 thread 12/16 host dec0153 cpu 92 core 92 socket 1 numa 5 l3 88 place 12 nallowed 1 affinity 92
MPI rank 5/16 thread 13/16 host dec0153 cpu 93 core 93 socket 1 numa 5 l3 88 place 13 nallowed 1 affinity 93
MPI rank 5/16 thread 14/16 host dec0153 cpu 94 core 94 socket 1 numa 5 l3 88 place 14 nallowed 1 affinity 94
MPI rank 5/16 thread 15/16 host dec0153 cpu 95 core 95 socket 1 numa 5 l3 88 place 15 nallowed 1 affinity 95
MPI rank 6/16 thread 0/16 host dec0153 cpu 96 core 96 socket 1 numa 6 l3 96 place 0 nallowed 1 affinity 96
MPI rank 6/16 thread 1/16 host dec0153 cpu 97 core 97 socket 1 numa 6 l3 96 place 1 nallowed 1 affinity 97
MPI rank 6/16 thread 2/16 host dec0153 cpu 98 core 98 socket 1 numa 6 l3 96 place 2 nallowed 1 affinity 98
MPI rank 6/16 thread 3/16 host dec0153 cpu 99 core 99 socket 1 numa 6 l3 96 place 3 nallowed 1 affinity 99
MPI rank 6/16 thread 4/16 host dec0153 cpu 100 core 100 socket 1 numa 6 l3 96 place 4 nallowed 1 affinity 100
MPI rank 6/16 thread 5/16 host dec0153 cpu 101 core 101 socket 1 numa 6 l3 96 place 5 nallowed 1 affinity 101
MPI rank 6/16 thread 6/16 host dec0153 cpu 102 core 102 socket 1 numa 6 l3 96 place 6 nallowed 1 affinity 102
MPI rank 6/16 thread 7/16 host dec0153 cpu 103 core 103 socket 1 numa 6 l3 96 place 7 nallowed 1 affinity 103
MPI rank 6/16 thread 8/16 host dec0153 cpu 104 core 104 socket 1 numa 6 l3 104 place 8 nallowed 1 affinity 104
MPI rank 6/16 thread 9/16 host dec0153 cpu 105 core 105 socket 1 numa 6 l3 104 place 9 nallowed 1 affinity 105
MPI rank 6/16 thread 10/16 host dec0153 cpu 106 core 106 socket 1 numa 6 l3 104 place 10 nallowed 1 affinity 106
MPI rank 6/16 thread 11/16 host dec0153 cpu 107 core 107 socket 1 numa 6 l3 104 place 11 nallowed 1 affinity 107
MPI rank 6/16 thread 12/16 host dec0153 cpu 108 core 108 socket 1 numa 6 l3 104 place 12 nallowed 1 affinity 108
MPI rank 6/16 thread 13/16 host dec0153 cpu 109 core 109 socket 1 numa 6 l3 104 place 13 nallowed 1 affinity 109
MPI rank 6/16 thread 14/16 host dec0153 cpu 110 core 110 socket 1 numa 6 l3 104 place 14 nallowed 1 affinity 110
MPI rank 6/16 thread 15/16 host dec0153 cpu 111 core 111 socket 1 numa 6 l3 104 place 15 nallowed 1 affinity 111
MPI rank 7/16 thread 0/16 host dec0153 cpu 112 core 112 socket 1 numa 7 l3 112 place 0 nallowed 1 affinity 112
MPI rank 7/16 thread 1/16 host dec0153 cpu 113 core 113 socket 1 numa 7 l3 112 place 1 nallowed 1 affinity 113
MPI rank 7/16 thread 2/16 host dec0153 cpu 114 core 114 socket 1 numa 7 l3 112 place 2 nallowed 1 affinity 114
MPI rank 7/16 thread 3/16 host dec0153 cpu 115 core 115 socket 1 numa 7 l3 112 place 3 nallowed 1 affinity 115
MPI rank 7/16 thread 4/16 host dec0153 cpu 116 core 116 socket 1 numa 7 l3 112 place 4 nallowed 1 affinity 116
MPI rank 7/16 thread 5/16 host dec0153 cpu 117 core 117 socket 1 numa 7 l3 112 place 5 nallowed 1 affinity 117
MPI rank 7/16 thread 6/16 host dec0153 cpu 118 core 118 socket 1 numa 7 l3 112 place 6 nallowed 1 affinity 118
MPI rank 7/16 thread 7/16 host dec0153 cpu 119 core 119 socket 1 numa 7 l3 112 place 7 nallowed 1 affinity 119
MPI rank 7/16 thread 8/16 host dec0153 cpu 120 core 120 socket 1 numa 7 l3 120 place 8 nallowed 1 affinity 120
MPI rank 7/16 thread 9/16 host dec0153 cpu 121 core 121 socket 1 numa 7 l3 120 place 9 nallowed 1 affinity 121
MPI rank 7/16 thread 10/16 host dec0153 cpu 122 core 122 socket 1 numa 7 l3 120 place 10 nallowed 1 affinity 122
MPI rank 7/16 thread 11/16 host dec0153 cpu 123 core 123 socket 1 numa 7 l3 120 place 11 nallowed 1 affinity 123
MPI rank 7/16 thread 12/16 host dec0153 cpu 124 core 124 socket 1 numa 7 l3 120 place 12 nallowed 1 affinity 124
MPI rank 7/16 thread 13/16 host dec0153 cpu 125 core 125 socket 1 numa 7 l3 120 place 13 nallowed 1 affinity 125
MPI rank 7/16 thread 14/16 host dec0153 cpu 126 core 126 socket 1 numa 7 l3 120 place 14 nallowed 1 affinity 126
MPI rank 7/16 thread 15/16 host dec0153 cpu 127 core 127 socket 1 numa 7 l3 120 place 15 nallowed 1 affinity 127
MPI rank 8/16 thread 0/16 host dec0154 cpu 0 core 0 socket 0 numa 0 l3 0 place 0 nallowed 1 affinity 0
MPI rank 8/16 thread 1/16 host dec0154 cpu 1 core 1 socket 0 numa 0 l3 0 place 1 nallowed 1 affinity 1
MPI rank 8/16 thread 2/16 host dec0154 cpu 2 core 2 socket 0 numa 0 l3 0 place 2 nallowed 1 affinity 2
MPI rank 8/16 thread 3/16 host dec0154 cpu 3 core 3 socket 0 numa 0 l3 0 place 3 nallowed 1 affinity 3
MPI rank 8/16 thread 4/16 host dec0154 cpu 4 core 4 socket 0 numa 0 l3 0 place 4 nallowed 1 affinity 4
MPI rank 8/16 thread 5/16 host dec0154 cpu 5 core 5 socket 0 numa 0 l3 0 place 5 nallowed 1 affinity 5
MPI rank 8/16 thread 6/16 host dec0154 cpu 6 core 6 socket 0 numa 0 l3 0 place 6 nallowed 1 affinity 6
MPI rank 8/16 thread 7/16 host dec0154 cpu 7 core 7 socket 0 numa 0 l3 0 place 7 nallowed 1 affinity 7
MPI rank 8/16 thread 8/16 host dec0154 cpu 8 core 8 socket 0 numa 0 l3 8 place 8 nallowed 1 affinity 8
MPI rank 8/16 thread 9/16 host dec0154 cpu 9 core 9 socket 0 numa 0 l3 8 place 9 nallowed 1 affinity 9
MPI rank 8/16 thread 10/16 host dec0154 cpu 10 core 10 socket 0 numa 0 l3 8 place 10 nallowed 1 affinity 10
MPI rank 8/16 thread 11/16 host dec0154 cpu 11 core 11 socket 0 numa 0 l3 8 place 11 nallowed 1 affinity 11
MPI rank 8/16 thread 12/16 host dec0154 cpu 12 core 12 socket 0 numa 0 l3 8 place 12 nallowed 1 affinity 12
MPI rank 8/16 thread 13/16 host dec0154 cpu 13 core 13 socket 0 numa 0 l3 8 place 13 nallowed 1 affinity 13
MPI rank 8/16 thread 14/16 host dec0154 cpu 14 core 14 socket 0 numa 0 l3 8 place 14 nallowed 1 affinity 14
MPI rank 8/16 thread 15/16 host dec0154 cpu 15 core 15 socket 0 numa 0 l3 8 place 15 nallowed 1 affinity 15
MPI rank 9/16 thread 0/16 host dec0154 cpu 16 core 16 socket 0 numa 1 l3 16 place 0 nallowed 1 affinity 16
MPI rank 9/16 thread 1/16 host dec0154 cpu 17 core 17 socket 0 numa 1 l3 16 place 1 nallowed 1 affinity 17
MPI rank 9/16 thread 2/16 host dec0154 cpu 18 core 18 socket 0 numa 1 l3 16 place 2 nallowed 1 affinity 18
MPI rank 9/16 thread 3/16 host dec0154 cpu 19 core 19 socket 0 numa 1 l3 16 place 3 nallowed 1 affinity 19
MPI rank 9/16 thread 4/16 host dec0154 cpu 20 core 20 socket 0 numa 1 l3 16 place 4 nallowed 1 affinity 20
MPI rank 9/16 thread 5/16 host dec0154 cpu 21 core 21 socket 0 numa 1 l3 16 place 5 nallowed 1 affinity 21
MPI rank 9/16 thread 6/16 host dec0154 cpu 22 core 22 socket 0 numa 1 l3 16 place 6 nallowed 1 affinity 22
MPI rank 9/16 thread 7/16 host dec0154 cpu 23 core 23 socket 0 numa 1 l3 16 place 7 nallowed 1 affinity 23
MPI rank 9/16 thread 8/16 host dec0154 cpu 24 core 24 socket 0 numa 1 l3 24 place 8 nallowed 1 affinity 24
MPI rank 9/16 thread 9/16 host dec0154 cpu 25 core 25 socket 0 numa 1 l3 24 place 9 nallowed 1 affinity 25
MPI rank 9/16 thread 10/16 host dec0154 cpu 26 core 26 socket 0 numa 1 l3 24 place 10 nallowed 1 affinity 26
MPI rank 9/16 thread 11/16 host dec0154 cpu 27 core 27 socket 0 numa 1 l3 24 place 11 nallowed 1 affinity 27
MPI rank 9/16 thread 12/16 host dec0154 cpu 28 core 28 socket 0 numa 1 l3 24 place 12 nallowed 1 affinity 28
MPI rank 9/16 thread 13/16 host dec0154 cpu 29 core 29 socket 0 numa 1 l3 24 place 13 nallowed 1 affinity 29
MPI rank 9/16 thread 14/16 host dec0154 cpu 30 core 30 socket 0 numa 1 l3 24 place 14 nallowed 1 affinity 30
MPI rank 9/16 thread 15/16 host dec0154 cpu 31 core 31 socket 0 numa 1 l3 24 place 15 nallowed 1 affinity 31
MPI rank 10/16 thread 0/16 host dec0154 cpu 32 core 32 socket 0 numa 2 l3 32 place 0 nallowed 1 affinity 32
MPI rank 10/16 thread 1/16 host dec0154 cpu 33 core 33 socket 0 numa 2 l3 32 place 1 nallowed 1 affinity 33
MPI rank 10/16 thread 2/16 host dec0154 cpu 34 core 34 socket 0 numa 2 l3 32 place 2 nallowed 1 affinity 34
MPI rank 10/16 thread 3/16 host dec0154 cpu 35 core 35 socket 0 numa 2 l3 32 place 3 nallowed 1 affinity 35
MPI rank 10/16 thread 4/16 host dec0154 cpu 36 core 36 socket 0 numa 2 l3 32 place 4 nallowed 1 affinity 36
MPI rank 10/16 thread 5/16 host dec0154 cpu 37 core 37 socket 0 numa 2 l3 32 place 5 nallowed 1 affinity 37
MPI rank 10/16 thread 6/16 host dec0154 cpu 38 core 38 socket 0 numa 2 l3 32 place 6 nallowed 1 affinity 38
MPI rank 10/16 thread 7/16 host dec0154 cpu 39 core 39 socket 0 numa 2 l3 32 place 7 nallowed 1 affinity 39
MPI rank 10/16 thread 8/16 host dec0154 cpu 40 core 40 socket 0 numa 2 l3 40 place 8 nallowed 1 affinity 40
MPI rank 10/16 thread 9/16 host dec0154 cpu 41 core 41 socket 0 numa 2 l3 40 place 9 nallowed 1 affinity 41
MPI rank 10/16 thread 10/16 host dec0154 cpu 42 core 42 socket 0 numa 2 l3 40 place 10 nallowed 1 affinity 42
MPI rank 10/16 thread 11/16 host dec0154 cpu 43 core 43 socket 0 numa 2 l3 40 place 11 nallowed 1 affinity 43
MPI rank 10/16 thread 12/16 host dec0154 cpu 44 core 44 socket 0 numa 2 l3 40 place 12 nallowed 1 affinity 44
MPI rank 10/16 thread 13/16 host dec0154 cpu 45 core 45 socket 0 numa 2 l3 40 place 13 nallowed 1 affinity 45
MPI rank 10/16 thread 14/16 host dec0154 cpu 46 core 46 socket 0 numa 2 l3 40 place 14 nallowed 1 affinity 46
MPI rank 10/16 thread 15/16 host dec0154 cpu 47 core 47 socket 0 numa 2 l3 40 place 15 nallowed 1 affinity 47
MPI rank 11/16 thread 0/16 host dec0154 cpu 48 core 48 socket 0 numa 3 l3 48 place 0 nallowed 1 affinity 48
MPI rank 11/16 thread 1/16 host dec0154 cpu 49 core 49 socket 0 numa 3 l3 48 place 1 nallowed 1 affinity 49
MPI rank 11/16 thread 2/16 host dec0154 cpu 50 core 50 socket 0 numa 3 l3 48 place 2 nallowed 1 affinity 50
MPI rank 11/16 thread 3/16 host dec0154 cpu 51 core 51 socket 0 numa 3 l3 48 place 3 nallowed 1 affinity 51
MPI rank 11/16 thread 4/16 host dec0154 cpu 52 core 52 socket 0 numa 3 l3 48 place 4 nallowed 1 affinity 52
MPI rank 11/16 thread 5/16 host dec0154 cpu 53 core 53 socket 0 numa 3 l3 48 place 5 nallowed 1 affinity 53
MPI rank 11/16 thread 6/16 host dec0154 cpu 54 core 54 socket 0 numa 3 l3 48 place 6 nallowed 1 affinity 54
MPI rank 11/16 thread 7/16 host dec0154 cpu 55 core 55 socket 0 numa 3 l3 48 place 7 nallowed 1 affinity 55
MPI rank 11/16 thread 8/16 host dec0154 cpu 56 core 56 socket 0 numa 3 l3 56 place 8 nallowed 1 affinity 56
MPI rank 11/16 thread 9/16 host dec0154 cpu 57 core 57 socket 0 numa 3 l3 56 place 9 nallowed 1 affinity 57
MPI rank 11/16 thread 10/16 host dec0154 cpu 58 core 58 socket 0 numa 3 l3 56 place 10 nallowed 1 affinity 58
MPI rank 11/16 thread 11/16 host dec0154 cpu 59 core 59 socket 0 numa 3 l3 56 place 11 nallowed 1 affinity 59
MPI rank 11/16 thread 12/16 host dec0154 cpu 60 core 60 socket 0 numa 3 l3 56 place 12 nallowed 1 affinity 60
MPI rank 11/16 thread 13/16 host dec0154 cpu 61 core 61 socket 0 numa 3 l3 56 place 13 nallowed 1 affinity 61
MPI rank 11/16 thread 14/16 host dec0154 cpu 62 core 62 socket 0 numa 3 l3 56 place 14 nallowed 1 affinity 62
MPI rank 11/16 thread 15/16 host dec0154 cpu 63 core 63 socket 0 numa 3 l3 56 place 15 nallowed 1 affinity 63
MPI rank 12/16 thread 0/16 host dec0154 cpu 64 core 64 socket 1 numa 4 l3 64 place 0 nallowed 1 affinity 64
MPI rank 12/16 thread 1/16 host dec0154 cpu 65 core 65 socket 1 numa 4 l3 64 place 1 nallowed 1 affinity 65
MPI rank 12/16 thread 2/16 host dec0154 cpu 66 core 66 socket 1 numa 4 l3 64 place 2 nallowed 1 affinity 66
MPI rank 12/16 thread 3/16 host dec0154 cpu 67 core 67 socket 1 numa 4 l3 64 place 3 nallowed 1 affinity 67
MPI rank 12/16 thread 4/16 host dec0154 cpu 68 core 68 socket 1 numa 4 l3 64 place 4 nallowed 1 affinity 68
MPI rank 12/16 thread 5/16 host dec0154 cpu 69 core 69 socket 1 numa 4 l3 64 place 5 nallowed 1 affinity 69
MPI rank 12/16 thread 6/16 host dec0154 cpu 70 core 70 socket 1 numa 4 l3 64 place 6 nallowed 1 affinity 70
MPI rank 12/16 thread 7/16 host dec0154 cpu 71 core 71 socket 1 numa 4 l3 64 place 7 nallowed 1 affinity 71
MPI rank 12/16 thread 8/16 host dec0154 cpu 72 core 72 socket 1 numa 4 l3 72 place 8 nallowed 1 affinity 72
MPI rank 12/16 thread 9/16 host dec0154 cpu 73 core 73 socket 1 numa 4 l3 72 place 9 nallowed 1 affinity 73
MPI rank 12/16 thread 10/16 host dec0154 cpu 74 core 74 socket 1 numa 4 l3 72 place 10 nallowed 1 affinity 74
MPI rank 12/16 thread 11/16 host dec0154 cpu 75 core 75 socket 1 numa 4 l3 72 place 11 nallowed 1 affinity 75
MPI rank 12/16 thread 12/16 host dec0154 cpu 76 core 76 socket 1 numa 4 l3 72 place 12 nallowed 1 affinity 76
MPI rank 12/16 thread 13/16 host dec0154 cpu 77 core 77 socket 1 numa 4 l3 72 place 13 nallowed 1 affinity 77
MPI rank 12/16 thread 14/16 host dec0154 cpu 78 core 78 socket 1 numa 4 l3 72 place 14 nallowed 1 affinity 78
MPI rank 12/16 thread 15/16 host dec0154 cpu 79 core 79 socket 1 numa 4 l3 72 place 15 nallowed 1 affinity 79
MPI rank 13/16 thread 0/16 host dec0154 cpu 80 core 80 socket 1 numa 5 l3 80 place 0 nallowed 1 affinity 80
MPI rank 13/16 thread 1/16 host dec0154 cpu 81 core 81 socket 1 numa 5 l3 80 place 1 nallowed 1 affinity 81
MPI rank 13/16 thread 2/16 host dec0154 cpu 82 core 82 socket 1 numa 5 l3 80 place 2 nallowed 1 affinity 82
MPI rank 13/16 thread 3/16 host dec0154 cpu 83 core 83 socket 1 numa 5 l3 80 place 3 nallowed 1 affinity 83
MPI rank 13/16 thread 4/16 host dec0154 cpu 84 core 84 socket 1 numa 5 l3 80 place 4 nallowed 1 affinity 84
MPI rank 13/16 thread 5/16 host dec0154 cpu 85 core 85 socket 1 numa 5 l3 80 place 5 nallowed 1 affinity 85
MPI rank 13/16 thread 6/16 host dec0154 cpu 86 core 86 socket 1 numa 5 l3 80 place 6 nallowed 1 affinity 86
MPI rank 13/16 thread 7/16 host dec0154 cpu 87 core 87 socket 1 numa 5 l3 80 place 7 nallowed 1 affinity 87
MPI rank 13/16 thread 8/16 host dec0154 cpu 88 core 88 socket 1 numa 5 l3 88 place 8 nallowed 1 affinity 88
MPI rank 13/16 thread 9/16 host dec0154 cpu 89 core 89 socket 1 numa 5 l3 88 place 9 nallowed 1 affinity 89
MPI rank 13/16 thread 10/16 host dec0154 cpu 90 core 90 socket 1 numa 5 l3 88 place 10 nallowed 1 affinity 90
MPI rank 13/16 thread 11/16 host dec0154 cpu 91 core 91 socket 1 numa 5 l3 88 place 11 nallowed 1 affinity 91
MPI rank 13/16 thread 12/16 host dec0154 cpu 92 core 92 socket 1 numa 5 l3 88 place 12 nallowed 1 affinity 92
MPI rank 13/16 thread 13/16 host dec0154 cpu 93 core 93 socket 1 numa 5 l3 88 place 13 nallowed 1 affinity 93
MPI rank 13/16 thread 14/16 host dec0154 cpu 94 core 94 socket 1 numa 5 l3 88 place 14 nallowed 1 affinity 94
MPI rank 13/16 thread 15/16 host dec0154 cpu 95 core 95 socket 1 numa 5 l3 88 place 15 nallowed 1 affinity 95
MPI rank 14/16 thread 0/16 host dec0154 cpu 96 core 96 socket 1 numa 6 l3 96 place 0 nallowed 1 affinity 96
MPI rank 14/16 thread 1/16 host dec0154 cpu 97 core 97 socket 1 numa 6 l3 96 place 1 nallowed 1 affinity 97
MPI rank 14/16 thread 2/16 host dec0154 cpu 98 core 98 socket 1 numa 6 l3 96 place 2 nallowed 1 affinity 98
MPI rank 14/16 thread 3/16 host dec0154 cpu 99 core 99 socket 1 numa 6 l3 96 place 3 nallowed 1 affinity 99
MPI rank 14/16 thread 4/16 host dec0154 cpu 100 core 100 socket 1 numa 6 l3 96 place 4 nallowed 1 affinity 100
MPI rank 14/16 thread 5/16 host dec0154 cpu 101 core 101 socket 1 numa 6 l3 96 place 5 nallowed 1 affinity 101
MPI rank 14/16 thread 6/16 host dec0154 cpu 102 core 102 socket 1 numa 6 l3 96 place 6 nallowed 1 affinity 102
MPI rank 14/16 thread 7/16 host dec0154 cpu 103 core 103 socket 1 numa 6 l3 96 place 7 nallowed 1 affinity 103
MPI rank 14/16 thread 8/16 host dec0154 cpu 104 core 104 socket 1 numa 6 l3 104 place 8 nallowed 1 affinity 104
MPI rank 14/16 thread 9/16 host dec0154 cpu 105 core 105 socket 1 numa 6 l3 104 place 9 nallowed 1 affinity 105
MPI rank 14/16 thread 10/16 host dec0154 cpu 106 core 106 socket 1 numa 6 l3 104 place 10 nallowed 1 affinity 106
MPI rank 14/16 thread 11/16 host dec0154 cpu 107 core 107 socket 1 numa 6 l3 104 place 11 nallowed 1 affinity 107
MPI rank 14/16 thread 12/16 host dec0154 cpu 108 core 108 socket 1 numa 6 l3 104 place 12 nallowed 1 affinity 108
MPI rank 14/16 thread 13/16 host dec0154 cpu 109 core 109 socket 1 numa 6 l3 104 place 13 nallowed 1 affinity 109
MPI rank 14/16 thread 14/16 host dec0154 cpu 110 core 110 socket 1 numa 6 l3 104 place 14 nallowed 1 affinity 110
MPI rank 14/16 thread 15/16 host dec0154 cpu 111 core 111 socket 1 numa 6 l3 104 place 15 nallowed 1 affinity 111
MPI rank 15/16 thread 0/16 host dec0154 cpu 112 core 112 socket 1 numa 7 l3 112 place 0 nallowed 1 affinity 112
MPI rank 15/16 thread 1/16 host dec0154 cpu 113 core 113 socket 1 numa 7 l3 112 place 1 nallowed 1 affinity 113
MPI rank 15/16 thread 2/16 host dec0154 cpu 114 core 114 socket 1 numa 7 l3 112 place 2 nallowed 1 affinity 114
MPI rank 15/16 thread 3/16 host dec0154 cpu 115 core 115 socket 1 numa 7 l3 112 place 3 nallowed 1 affinity 115
MPI rank 15/16 thread 4/16 host dec0154 cpu 116 core 116 socket 1 numa 7 l3 112 place 4 nallowed 1 affinity 116
MPI rank 15/16 thread 5/16 host dec0154 cpu 117 core 117 socket 1 numa 7 l3 112 place 5 nallowed 1 affinity 117
MPI rank 15/16 thread 6/16 host dec0154 cpu 118 core 118 socket 1 numa 7 l3 112 place 6 nallowed 1 affinity 118
MPI rank 15/16 thread 7/16 host dec0154 cpu 119 core 119 socket 1 numa 7 l3 112 place 7 nallowed 1 affinity 119
MPI rank 15/16 thread 8/16 host dec0154 cpu 120 core 120 socket 1 numa 7 l3 120 place 8 nallowed 1 affinity 120
MPI rank 15/16 thread 9/16 host dec0154 cpu 121 core 121 socket 1 numa 7 l3 120 place 9 nallowed 1 affinity 121
MPI rank 15/16 thread 10/16 host dec0154 cpu 122 core 122 socket 1 numa 7 l3 120 place 10 nallowed 1 affinity 122
MPI rank 15/16 thread 11/16 host dec0154 cpu 123 core 123 socket 1 numa 7 l3 120 place 11 nallowed 1 affinity 123
MPI rank 15/16 thread 12/16 host dec0154 cpu 124 core 124 socket 1 numa 7 l3 120 place 12 nallowed 1 affinity 124
MPI rank 15/16 thread 13/16 host dec0154 cpu 125 core 125 socket 1 numa 7 l3 120 place 13 nallowed 1 affinity 125
MPI rank 15/16 thread 14/16 host dec0154 cpu 126 core 126 socket 1 numa 7 l3 120 place 14 nallowed 1 affinity 126
MPI rank 15/16 thread 15/16 host dec0154 cpu 127 core 127 socket 1 numa 7 l3 120 place 15 nallowed 1 affinity 127
csv: rank,thread,nthreads,host,cpu,core,socket,numa,l3,place,nallowed,affinity
csv: 0,0,16,dec0153,0,0,0,0,0,0,1,"0"
csv: 0,1,16,dec0153,1,1,0,0,0,1,1,"1"
csv: 0,2,16,dec0153,2,2,0,0,0,2,1,"2"
csv: 0,3,16,dec0153,3,3,0,0,0,3,1,"3"
csv: 0,4,16,dec0153,4,4,0,0,0,4,1,"4"
csv: 0,5,16,dec0153,5,5,0,0,0,5,1,"5"
csv: 0,6,16,dec0153,6,6,0,0,0,6,1,"6"
csv: 0,7,16,dec0153,7,7,0,0,0,7,1,"7"
csv: 0,8,16,dec0153,8,8,0,0,8,8,1,"8"
csv: 0,9,16,dec0153,9,9,0,0,8,9,1,"9"
csv: 0,10,16,dec0153,10,10,0,0,8,10,1,"10"
csv: 0,11,16,dec0153,11,11,0,0,8,11,1,"11"
csv: 0,12,16,dec0153,12,12,0,0,8,12,1,"12"
csv: 0,13,16,dec0153,13,13,0,0,8,13,1,"13"
csv: 0,14,16,dec0153,14,14,0,0,8,14,1,"14"
csv: 0,15,16,dec0153,15,15,0,0,8,15,1,"15"
csv: 1,0,16,dec0153,16,16,0,1,16,0,1,"16"
csv: 1,1,16,dec0153,17,17,0,1,16,1,1,"17"
csv: 1,2,16,dec0153,18,18,0,1,16,2,1,"18"
csv: 1,3,16,dec0153,19,19,0,1,16,3,1,"19"
csv: 1,4,16,dec0153,20,20,0,1,16,4,1,"20"
csv: 1,5,16,dec0153,21,21,0,1,16,5,1,"21"
csv: 1,6,16,dec0153,22,22,0,1,16,6,1,"22"
csv: 1,7,16,dec0153,23,23,0,1,16,7,1,"23"
csv: 1,8,16,dec0153,24,24,0,1,24,8,1,"24"
csv: 1,9,16,dec0153,25,25,0,1,24,9,1,"25"
csv: 1,10,16,dec0153,26,26,0,1,24,10,1,"26"
csv: 1,11,16,dec0153,27,27,0,1,24,11,1,"27"
csv: 1,12,16,dec0153,28,28,0,1,24,12,1,"28"
csv: 1,13,16,dec0153,29,29,0,1,24,13,1,"29"
csv: 1,14,16,dec0153,30,30,0,1,24,14,1,"30"
csv: 1,15,16,dec0153,31,31,0,1,24,15,1,"31"
csv: 2,0,16,dec0153,32,32,0,2,32,0,1,"32"
csv: 2,1,16,dec0153,33,33,0,2,32,1,1,"33"
csv: 2,2,16,dec0153,34,34,0,2,32,2,1,"34"
csv: 2,3,16,dec0153,35,35,0,2,32,3,1,"35"
csv: 2,4,16,dec0153,36,36,0,2,32,4,1,"36"
csv: 2,5,16,dec0153,37,37,0,2,32,5,1,"37"
csv: 2,6,16,dec0153,38,38,0,2,32,6,1,"38"
csv: 2,7,16,dec0153,39,39,0,2,32,7,1,"39"
csv: 2,8,16,dec0153,40,40,0,2,40,8,1,"40"
csv: 2,9,16,dec0153,41,41,0,2,40,9,1,"41"
csv: 2,10,16,dec0153,42,42,0,2,40,10,1,"42"
csv: 2,11,16,dec0153,43,43,0,2,40,11,1,"43"
csv: 2,12,16,dec0153,44,44,0,2,40,12,1,"44"
csv: 2,13,16,dec0153,45,45,0,2,40,13,1,"45"
csv: 2,14,16,dec0153,46,46,0,2,40,14,1,"46"
csv: 2,15,16,dec0153,47,47,0,2,40,15,1,"47"
csv: 3,0,16,dec0153,48,48,0,3,48,0,1,"48"
csv: 3,1,16,dec0153,49,49,0,3,48,1,1,"49"
csv: 3,2,16,dec0153,50,50,0,3,48,2,1,"50"
csv: 3,3,16,dec0153,51,51,0,3,48,3,1,"51"
csv: 3,4,16,dec0153,52,52,0,3,48,4,1,"52"
csv: 3,5,16,dec0153,53,53,0,3,48,5,1,"53"
csv: 3,6,16,dec0153,54,54,0,3,48,6,1,"54"
csv: 3,7,16,dec0153,55,55,0,3,48,7,1,"55"
csv: 3,8,16,dec0153,56,56,0,3,56,8,1,"56"
csv: 3,9,16,dec0153,57,57,0,3,56,9,1,"57"
csv: 3,10,16,dec0153,58,58,0,3,56,10,1,"58"
csv: 3,11,16,dec0153,59,59,0,3,56,11,1,"59"
csv: 3,12,16,dec0153,60,60,0,3,56,12,1,"60"
csv: 3,13,16,dec0153,61,61,0,3,56,13,1,"61"
csv: 3,14,16,dec0153,62,62,0,3,56,14,1,"62"
csv: 3,15,16,dec0153,63,63,0,3,56,15,1,"63"
csv: 4,0,16,dec0153,64,64,1,4,64,0,1,"64"
csv: 4,1,16,dec0153,65,65,1,4,64,1,1,"65"
csv: 4,2,16,dec0153,66,66,1,4,64,2,1,"66"
csv: 4,3,16,dec0153,67,67,1,4,64,3,1,"67"
csv: 4,4,16,dec0153,68,68,1,4,64,4,1,"68"
csv: 4,5,16,dec0153,69,69,1,4,64,5,1,"69"
csv: 4,6,16,dec0153,70,70,1,4,64,6,1,"70"
csv: 4,7,16,dec0153,71,71,1,4,64,7,1,"71"
csv: 4,8,16,dec0153,72,72,1,4,72,8,1,"72"
csv: 4,9,16,dec0153,73,73,1,4,72,9,1,"73"
csv: 4,10,16,dec0153,74,74,1,4,72,10,1,"74"
csv: 4,11,16,dec0153,75,75,1,4,72,11,1,"75"
csv: 4,12,16,dec0153,76,76,1,4,72,12,1,"76"
csv: 4,13,16,dec0153,77,77,1,4,72,13,1,"77"
csv: 4,14,16,dec0153,78,78,1,4,72,14,1,"78"
csv: 4,15,16,dec0153,79,79,1,4,72,15,1,"79"
csv: 5,0,16,dec0153,80,80,1,5,80,0,1,"80"
csv: 5,1,16,dec0153,81,81,1,5,80,1,1,"81"
csv: 5,2,16,dec0153,82,82,1,5,80,2,1,"82"
csv: 5,3,16,dec0153,83,83,1,5,80,3,1,"83"
csv: 5,4,16,dec0153,84,84,1,5,80,4,1,"84"
csv: 5,5,16,dec0153,85,85,1,5,80,5,1,"85"
csv: 5,6,16,dec0153,86,86,1,5,80,6,1,"86"
csv: 5,7,16,dec0153,87,87,1,5,80,7,1,"87"
csv: 5,8,16,dec0153,88,88,1,5,88,8,1,"88"
csv: 5,9,16,dec0153,89,89,1,5,88,9,1,"89"
csv: 5,10,16,dec0153,90,90,1,5,88,10,1,"90"
csv: 5,11,16,dec0153,91,91,1,5,88,11,1,"91"
csv: 5,12,16,dec0153,92,92,1,5,88,12,1,"92"
csv: 5,13,16,dec0153,93,93,1,5,88,13,1,"93"
csv: 5,14,16,dec0153,94,94,1,5,88,14,1,"94"
csv: 5,15,16,dec0153,95,95,1,5,88,15,1,"95"
csv: 6,0,16,dec0153,96,96,1,6,96,0,1,"96"
csv: 6,1,16,dec0153,97,97,1,6,96,1,1,"97"
csv: 6,2,16,dec0153,98,98,1,6,96,2,1,"98"
csv: 6,3,16,dec0153,99,99,1,6,96,3,1,"99"
csv: 6,4,16,dec0153,100,100,1,6,96,4,1,"100"
csv: 6,5,16,dec0153,101,101,1,6,96,5,1,"101"
csv: 6,6,16,dec0153,102,102,1,6,96,6,1,"102"
csv: 6,7,16,dec0153,103,103,1,6,96,7,1,"103"
csv: 6,8,16,dec0153,104,104,1,6,104,8,1,"104"
csv: 6,9,16,dec0153,105,105,1,6,104,9,1,"105"
csv: 6,10,16,dec0153,106,106,1,6,104,10,1,"106"
csv: 6,11,16,dec0153,107,107,1,6,104,11,1,"107"
csv: 6,12,16,dec0153,108,108,1,6,104,12,1,"108"
csv: 6,13,16,dec0153,109,109,1,6,104,13,1,"109"
csv: 6,14,16,dec0153,110,110,1,6,104,14,1,"110"
csv: 6,15,16,dec0153,111,111,1,6,104,15,1,"111"
csv: 7,0,16,dec0153,112,112,1,7,112,0,1,"112"
csv: 7,1,16,dec0153,113,113,1,7,112,1,1,"113"
csv: 7,2,16,dec0153,114,114,1,7,112,2,1,"114"
csv: 7,3,16,dec0153,115,115,1,7,112,3,1,"115"
csv: 7,4,16,dec0153,116,116,1,7,112,4,1,"116"
csv: 7,5,16,dec0153,117,117,1,7,112,5,1,"117"
csv: 7,6,16,dec0153,118,118,1,7,112,6,1,"118"
csv: 7,7,16,dec0153,119,119,1,7,112,7,1,"119"
csv: 7,8,16,dec0153,120,120,1,7,120,8,1,"120"
csv: 7,9,16,dec0153,121,121,1,7,120,9,1,"121"
csv: 7,10,16,dec0153,122,122,1,7,120,10,1,"122"
csv: 7,11,16,dec0153,123,123,1,7,120,11,1,"123"
csv: 7,12,16,dec0153,124,124,1,7,120,12,1,"124"
csv: 7,13,16,dec0153,125,125,1,7,120,13,1,"125"
csv: 7,14,16,dec0153,126,126,1,7,120,14,1,"126"
csv: 7,15,16,dec0153,127,127,1,7,120,15,1,"127"
csv: 8,0,16,dec0154,0,0,0,0,0,0,1,"0"
csv: 8,1,16,dec0154,1,1,0,0,0,1,1,"1"
csv: 8,2,16,dec0154,2,2,0,0,0,2,1,"2"
csv: 8,3,16,dec0154,3,3,0,0,0,3,1,"3"
csv: 8,4,16,dec0154,4,4,0,0,0,4,1,"4"
csv: 8,5,16,dec0154,5,5,0,0,0,5,1,"5"
csv: 8,6,16,dec0154,6,6,0,0,0,6,1,"6"
csv: 8,7,16,dec0154,7,7,0,0,0,7,1,"7"
csv: 8,8,16,dec0154,8,8,0,0,8,8,1,"8"
csv: 8,9,16,dec0154,9,9,0,0,8,9,1,"9"
csv: 8,10,16,dec0154,10,10,0,0,8,10,1,"10"
csv: 8,11,16,dec0154,11,11,0,0,8,11,1,"11"
csv: 8,12,16,dec0154,12,12,0,0,8,12,1,"12"
csv: 8,13,16,dec0154,13,13,0,0,8,13,1,"13"
csv: 8,14,16,dec0154,14,14,0,0,8,14,1,"14"
csv: 8,15,16,dec0154,15,15,0,0,8,15,1,"15"
csv: 9,0,16,dec0154,16,16,0,1,16,0,1,"16"
csv: 9,1,16,dec0154,17,17,0,1,16,1,1,"17"
csv: 9,2,16,dec0154,18,18,0,1,16,2,1,"18"
csv: 9,3,16,dec0154,19,19,0,1,16,3,1,"19"
csv: 9,4,16,dec0154,20,20,0,1,16,4,1,"20"
csv: 9,5,16,dec0154,21,21,0,1,16,5,1,"21"
csv: 9,6,16,dec0154,22,22,0,1,16,6,1,"22"
csv: 9,7,16,dec0154,23,23,0,1,16,7,1,"23"
csv: 9,8,16,dec0154,24,24,0,1,24,8,1,"24"
csv: 9,9,16,dec0154,25,25,0,1,24,9,1,"25"
csv: 9,10,16,dec0154,26,26,0,1,24,10,1,"26"
csv: 9,11,16,dec0154,27,27,0,1,24,11,1,"27"
csv: 9,12,16,dec0154,28,28,0,1,24,12,1,"28"
csv: 9,13,16,dec0154,29,29,0,1,24,13,1,"29"
csv: 9,14,16,dec0154,30,30,0,1,24,14,1,"30"
csv: 9,15,16,dec0154,31,31,0,1,24,15,1,"31"
csv: 10,0,16,dec0154,32,32,0,2,32,0,1,"32"
csv: 10,1,16,dec0154,33,33,0,2,32,1,1,"33"
csv: 10,2,16,dec0154,34,34,0,2,32,2,1,"34"
csv: 10,3,16,dec0154,35,35,0,2,32,3,1,"35"
csv: 10,4,16,dec0154,36,36,0,2,32,4,1,"36"
csv: 10,5,16,dec0154,37,37,0,2,32,5,1,"37"
csv: 10,6,16,dec0154,38,38,0,2,32,6,1,"38"
csv: 10,7,16,dec0154,39,39,0,2,32,7,1,"39"
csv: 10,8,16,dec0154,40,40,0,2,40,8,1,"40"
csv: 10,9,16,dec0154,41,41,0,2,40,9,1,"41"
csv: 10,10,16,dec0154,42,42,0,2,40,10,1,"42"
csv: 10,11,16,dec0154,43,43,0,2,40,11,1,"43"
csv: 10,12,16,dec0154,44,44,0,2,40,12,1,"44"
csv: 10,13,16,dec0154,45,45,0,2,40,13,1,"45"
csv: 10,14,16,dec0154,46,46,0,2,40,14,1,"46"
csv: 10,15,16,dec0154,47,47,0,2,40,15,1,"47"
csv: 11,0,16,dec0154,48,48,0,3,48,0,1,"48"
csv: 11,1,16,dec0154,49,49,0,3,48,1,1,"49"
csv: 11,2,16,dec0154,50,50,0,3,48,2,1,"50"
csv: 11,3,16,dec0154,51,51,0,3,48,3,1,"51"
csv: 11,4,16,dec0154,52,52,0,3,48,4,1,"52"
csv: 11,5,16,dec0154,53,53,0,3,48,5,1,"53"
csv: 11,6,16,dec0154,54,54,0,3,48,6,1,"54"
csv: 11,7,16,dec0154,55,55,0,3,48,7,1,"55"
csv: 11,8,16,dec0154,56,56,0,3,56,8,1,"56"
csv: 11,9,16,dec0154,57,57,0,3,56,9,1,"57"
csv: 11,10,16,dec0154,58,58,0,3,56,10,1,"58"
csv: 11,11,16,dec0154,59,59,0,3,56,11,1,"59"
csv: 11,12,16,dec0154,60,60,0,3,56,12,1,"60"
csv: 11,13,16,dec0154,61,61,0,3,56,13,1,"61"
csv: 11,14,16,dec0154,62,62,0,3,56,14,1,"62"
csv: 11,15,16,dec0154,63,63,0,3,56,15,1,"63"
csv: 12,0,16,dec0154,64,64,1,4,64,0,1,"64"
csv: 12,1,16,dec0154,65,65,1,4,64,1,1,"65"
csv: 12,2,16,dec0154,66,66,1,4,64,2,1,"66"
csv: 12,3,16,dec0154,67,67,1,4,64,3,1,"67"
csv: 12,4,16,dec0154,68,68,1,4,64,4,1,"68"
csv: 12,5,16,dec0154,69,69,1,4,64,5,1,"69"
csv: 12,6,16,dec0154,70,70,1,4,64,6,1,"70"
csv: 12,7,16,dec0154,71,71,1,4,64,7,1,"71"
csv: 12,8,16,dec0154,72,72,1,4,72,8,1,"72"
csv: 12,9,16,dec0154,73,73,1,4,72,9,1,"73"
csv: 12,10,16,dec0154,74,74,1,4,72,10,1,"74"
csv: 12,11,16,dec0154,75,75,1,4,72,11,1,"75"
csv: 12,12,16,dec0154,76,76,1,4,72,12,1,"76"
csv: 12,13,16,dec0154,77,77,1,4,72,13,1,"77"
csv: 12,14,16,dec0154,78,78,1,4,72,14,1,"78"
csv: 12,15,16,dec0154,79,79,1,4,72,15,1,"79"
csv: 13,0,16,dec0154,80,80,1,5,80,0,1,"80"
csv: 13,1,16,dec0154,81,81,1,5,80,1,1,"81"
csv: 13,2,16,dec0154,82,82,1,5,80,2,1,"82"
csv: 13,3,16,dec0154,83,83,1,5,80,3,1,"83"
csv: 13,4,16,dec0154,84,84,1,5,80,4,1,"84"
csv: 13,5,16,dec0154,85,85,1,5,80,5,1,"85"
csv: 13,6,16,dec0154,86,86,1,5,80,6,1,"86"
csv: 13,7,16,dec0154,87,87,1,5,80,7,1,"87"
csv: 13,8,16,dec0154,88,88,1,5,88,8,1,"88"
csv: 13,9,16,dec0154,89,89,1,5,88,9,1,"89"
csv: 13,10,16,dec0154,90,90,1,5,88,10,1,"90"
csv: 13,11,16,dec0154,91,91,1,5,88,11,1,"91"
csv: 13,12,16,dec0154,92,92,1,5,88,12,1,"92"
csv: 13,13,16,dec0154,93,93,1,5,88,13,1,"93"
csv: 13,14,16,dec0154,94,94,1,5,88,14,1,"94"
csv: 13,15,16,dec0154,95,95,1,5,88,15,1,"95"
csv: 14,0,16,dec0154,96,96,1,6,96,0,1,"96"
csv: 14,1,16,dec0154,97,97,1,6,96,1,1,"97"
csv: 14,2,16,dec0154,98,98,1,6,96,2,1,"98"
csv: 14,3,16,dec0154,99,99,1,6,96,3,1,"99"
csv: 14,4,16,dec0154,100,100,1,6,96,4,1,"100"
csv: 14,5,16,dec0154,101,101,1,6,96,5,1,"101"
csv: 14,6,16,dec0154,102,102,1,6,96,6,1,"102"
csv: 14,7,16,dec0154,103,103,1,6,96,7,1,"103"
csv: 14,8,16,dec0154,104,104,1,6,104,8,1,"104"
csv: 14,9,16,dec0154,105,105,1,6,104,9,1,"105"
csv: 14,10,16,dec0154,106,106,1,6,104,10,1,"106"
csv: 14,11,16,dec0154,107,107,1,6,104,11,1,"107"
csv: 14,12,16,dec0154,108,108,1,6,104,12,1,"108"
csv: 14,13,16,dec0154,109,109,1,6,104,13,1,"109"
csv: 14,14,16,dec0154,110,110,1,6,104,14,1,"110"
csv: 14,15,16,dec0154,111,111,1,6,104,15,1,"111"
csv: 15,0,16,dec0154,112,112,1,7,112,0,1,"112"
csv: 15,1,16,dec0154,113,113,1,7,112,1,1,"113"
csv: 15,2,16,dec0154,114,114,1,7,112,2,1,"114"
csv: 15,3,16,dec0154,115,115,1,7,112,3,1,"115"
csv: 15,4,16,dec0154,116,116,1,7,112,4,1,"116"
csv: 15,5,16,dec0154,117,117,1,7,112,5,1,"117"
csv: 15,6,16,dec0154,118,118,1,7,112,6,1,"118"
csv: 15,7,16,dec0154,119,119,1,7,112,7,1,"119"
csv: 15,8,16,dec0154,120,120,1,7,120,8,1,"120"
csv: 15,9,16,dec0154,121,121,1,7,120,9,1,"121"
csv: 15,10,16,dec0154,122,122,1,7,120,10,1,"122"
csv: 15,11,16,dec0154,123,123,1,7,120,11,1,"123"
csv: 15,12,16,dec0154,124,124,1,7,120,12,1,"124"
csv: 15,13,16,dec0154,125,125,1,7,120,13,1,"125"
csv: 15,14,16,dec0154,126,126,1,7,120,14,1,"126"
csv: 15,15,16,dec0154,127,127,1,7,120,15,1,"127"
