MPI VERSION    : CRAY MPICH version 8.1.32.110 (ANL base 3.4a2)
MPI BUILD INFO : Thu Feb 06 22:55 2025 (git hash f9c5634) (CH4)
# exe /container/bin/report_placement
# mpi MPI VERSION    : CRAY MPICH version 8.1.32.110 (ANL base 3.4a2)
# thread_level requested=FUNNELED provided=FUNNELED
# openmp 201511 procbind spread | ranks 16 | topology sysfs | mpiname dec0153
# env OMP_NUM_THREADS=16 OMP_PROC_BIND=false OMP_PLACES=cores PBS_JOBID=7092561.desched1
MPI rank 0/16 thread 0/16 host dec0153 cpu 128 core 0 socket 0 numa 0 l3 0 place 0 nallowed 256 affinity 0-255
MPI rank 0/16 thread 1/16 host dec0153 cpu 1 core 1 socket 0 numa 0 l3 0 place 1 nallowed 256 affinity 0-255
MPI rank 0/16 thread 2/16 host dec0153 cpu 2 core 2 socket 0 numa 0 l3 0 place 2 nallowed 256 affinity 0-255
MPI rank 0/16 thread 3/16 host dec0153 cpu 3 core 3 socket 0 numa 0 l3 0 place 3 nallowed 256 affinity 0-255
MPI rank 0/16 thread 4/16 host dec0153 cpu 4 core 4 socket 0 numa 0 l3 0 place 4 nallowed 256 affinity 0-255
MPI rank 0/16 thread 5/16 host dec0153 cpu 5 core 5 socket 0 numa 0 l3 0 place 5 nallowed 256 affinity 0-255
MPI rank 0/16 thread 6/16 host dec0153 cpu 6 core 6 socket 0 numa 0 l3 0 place 6 nallowed 256 affinity 0-255
MPI rank 0/16 thread 7/16 host dec0153 cpu 7 core 7 socket 0 numa 0 l3 0 place 7 nallowed 256 affinity 0-255
MPI rank 0/16 thread 8/16 host dec0153 cpu 8 core 8 socket 0 numa 0 l3 8 place 8 nallowed 256 affinity 0-255
MPI rank 0/16 thread 9/16 host dec0153 cpu 9 core 9 socket 0 numa 0 l3 8 place 9 nallowed 256 affinity 0-255
MPI rank 0/16 thread 10/16 host dec0153 cpu 10 core 10 socket 0 numa 0 l3 8 place 10 nallowed 256 affinity 0-255
MPI rank 0/16 thread 11/16 host dec0153 cpu 11 core 11 socket 0 numa 0 l3 8 place 11 nallowed 256 affinity 0-255
MPI rank 0/16 thread 12/16 host dec0153 cpu 12 core 12 socket 0 numa 0 l3 8 place 12 nallowed 256 affinity 0-255
MPI rank 0/16 thread 13/16 host dec0153 cpu 13 core 13 socket 0 numa 0 l3 8 place 13 nallowed 256 affinity 0-255
MPI rank 0/16 thread 14/16 host dec0153 cpu 14 core 14 socket 0 numa 0 l3 8 place 14 nallowed 256 affinity 0-255
MPI rank 0/16 thread 15/16 host dec0153 cpu 15 core 15 socket 0 numa 0 l3 8 place 15 nallowed 256 affinity 0-255
MPI rank 1/16 thread 0/16 host dec0153 cpu 16 core 16 socket 0 numa 1 l3 16 place 0 nallowed 256 affinity 0-255
MPI rank 1/16 thread 1/16 host dec0153 cpu 17 core 17 socket 0 numa 1 l3 16 place 1 nallowed 256 affinity 0-255
MPI rank 1/16 thread 2/16 host dec0153 cpu 18 core 18 socket 0 numa 1 l3 16 place 2 nallowed 256 affinity 0-255
MPI rank 1/16 thread 3/16 host dec0153 cpu 19 core 19 socket 0 numa 1 l3 16 place 3 nallowed 256 affinity 0-255
MPI rank 1/16 thread 4/16 host dec0153 cpu 20 core 20 socket 0 numa 1 l3 16 place 4 nallowed 256 affinity 0-255
MPI rank 1/16 thread 5/16 host dec0153 cpu 21 core 21 socket 0 numa 1 l3 16 place 5 nallowed 256 affinity 0-255
MPI rank 1/16 thread 6/16 host dec0153 cpu 22 core 22 socket 0 numa 1 l3 16 place 6 nallowed 256 affinity 0-255
MPI rank 1/16 thread 7/16 host dec0153 cpu 23 core 23 socket 0 numa 1 l3 16 place 7 nallowed 256 affinity 0-255
MPI rank 1/16 thread 8/16 host dec0153 cpu 24 core 24 socket 0 numa 1 l3 24 place 8 nallowed 256 affinity 0-255
MPI rank 1/16 thread 9/16 host dec0153 cpu 25 core 25 socket 0 numa 1 l3 24 place 9 nallowed 256 affinity 0-255
MPI rank 1/16 thread 10/16 host dec0153 cpu 26 core 26 socket 0 numa 1 l3 24 place 10 nallowed 256 affinity 0-255
MPI rank 1/16 thread 11/16 host dec0153 cpu 27 core 27 socket 0 numa 1 l3 24 place 11 nallowed 256 affinity 0-255
MPI rank 1/16 thread 12/16 host dec0153 cpu 28 core 28 socket 0 numa 1 l3 24 place 12 nallowed 256 affinity 0-255
MPI rank 1/16 thread 13/16 host dec0153 cpu 29 core 29 socket 0 numa 1 l3 24 place 13 nallowed 256 affinity 0-255
MPI rank 1/16 thread 14/16 host dec0153 cpu 30 core 30 socket 0 numa 1 l3 24 place 14 nallowed 256 affinity 0-255
MPI rank 1/16 thread 15/16 host dec0153 cpu 31 core 31 socket 0 numa 1 l3 24 place 15 nallowed 256 affinity 0-255
MPI rank 2/16 thread 0/16 host dec0153 cpu 160 core 32 socket 0 numa 2 l3 32 place 0 nallowed 256 affinity 0-255
MPI rank 2/16 thread 1/16 host dec0153 cpu 33 core 33 socket 0 numa 2 l3 32 place 1 nallowed 256 affinity 0-255
MPI rank 2/16 thread 2/16 host dec0153 cpu 34 core 34 socket 0 numa 2 l3 32 place 2 nallowed 256 affinity 0-255
MPI rank 2/16 thread 3/16 host dec0153 cpu 35 core 35 socket 0 numa 2 l3 32 place 3 nallowed 256 affinity 0-255
MPI rank 2/16 thread 4/16 host dec0153 cpu 36 core 36 socket 0 numa 2 l3 32 place 4 nallowed 256 affinity 0-255
MPI rank 2/16 thread 5/16 host dec0153 cpu 37 core 37 socket 0 numa 2 l3 32 place 5 nallowed 256 affinity 0-255
MPI rank 2/16 thread 6/16 host dec0153 cpu 38 core 38 socket 0 numa 2 l3 32 place 6 nallowed 256 affinity 0-255
MPI rank 2/16 thread 7/16 host dec0153 cpu 39 core 39 socket 0 numa 2 l3 32 place 7 nallowed 256 affinity 0-255
MPI rank 2/16 thread 8/16 host dec0153 cpu 40 core 40 socket 0 numa 2 l3 40 place 8 nallowed 256 affinity 0-255
MPI rank 2/16 thread 9/16 host dec0153 cpu 41 core 41 socket 0 numa 2 l3 40 place 9 nallowed 256 affinity 0-255
MPI rank 2/16 thread 10/16 host dec0153 cpu 42 core 42 socket 0 numa 2 l3 40 place 10 nallowed 256 affinity 0-255
MPI rank 2/16 thread 11/16 host dec0153 cpu 43 core 43 socket 0 numa 2 l3 40 place 11 nallowed 256 affinity 0-255
MPI rank 2/16 thread 12/16 host dec0153 cpu 44 core 44 socket 0 numa 2 l3 40 place 12 nallowed 256 affinity 0-255
MPI rank 2/16 thread 13/16 host dec0153 cpu 45 core 45 socket 0 numa 2 l3 40 place 13 nallowed 256 affinity 0-255
MPI rank 2/16 thread 14/16 host dec0153 cpu 46 core 46 socket 0 numa 2 l3 40 place 14 nallowed 256 affinity 0-255
MPI rank 2/16 thread 15/16 host dec0153 cpu 47 core 47 socket 0 numa 2 l3 40 place 15 nallowed 256 affinity 0-255
MPI rank 3/16 thread 0/16 host dec0153 cpu 176 core 48 socket 0 numa 3 l3 48 place 0 nallowed 256 affinity 0-255
MPI rank 3/16 thread 1/16 host dec0153 cpu 177 core 49 socket 0 numa 3 l3 48 place 1 nallowed 256 affinity 0-255
MPI rank 3/16 thread 2/16 host dec0153 cpu 178 core 50 socket 0 numa 3 l3 48 place 2 nallowed 256 affinity 0-255
MPI rank 3/16 thread 3/16 host dec0153 cpu 179 core 51 socket 0 numa 3 l3 48 place 3 nallowed 256 affinity 0-255
MPI rank 3/16 thread 4/16 host dec0153 cpu 180 core 52 socket 0 numa 3 l3 48 place 4 nallowed 256 affinity 0-255
MPI rank 3/16 thread 5/16 host dec0153 cpu 181 core 53 socket 0 numa 3 l3 48 place 5 nallowed 256 affinity 0-255
MPI rank 3/16 thread 6/16 host dec0153 cpu 182 core 54 socket 0 numa 3 l3 48 place 6 nallowed 256 affinity 0-255
MPI rank 3/16 thread 7/16 host dec0153 cpu 183 core 55 socket 0 numa 3 l3 48 place 7 nallowed 256 affinity 0-255
MPI rank 3/16 thread 8/16 host dec0153 cpu 184 core 56 socket 0 numa 3 l3 56 place 8 nallowed 256 affinity 0-255
MPI rank 3/16 thread 9/16 host dec0153 cpu 185 core 57 socket 0 numa 3 l3 56 place 9 nallowed 256 affinity 0-255
MPI rank 3/16 thread 10/16 host dec0153 cpu 186 core 58 socket 0 numa 3 l3 56 place 10 nallowed 256 affinity 0-255
MPI rank 3/16 thread 11/16 host dec0153 cpu 187 core 59 socket 0 numa 3 l3 56 place 11 nallowed 256 affinity 0-255
MPI rank 3/16 thread 12/16 host dec0153 cpu 188 core 60 socket 0 numa 3 l3 56 place 12 nallowed 256 affinity 0-255
MPI rank 3/16 thread 13/16 host dec0153 cpu 189 core 61 socket 0 numa 3 l3 56 place 13 nallowed 256 affinity 0-255
MPI rank 3/16 thread 14/16 host dec0153 cpu 190 core 62 socket 0 numa 3 l3 56 place 14 nallowed 256 affinity 0-255
MPI rank 3/16 thread 15/16 host dec0153 cpu 191 core 63 socket 0 numa 3 l3 56 place 15 nallowed 256 affinity 0-255
MPI rank 4/16 thread 0/16 host dec0153 cpu 192 core 64 socket 1 numa 4 l3 64 place 0 nallowed 256 affinity 0-255
MPI rank 4/16 thread 1/16 host dec0153 cpu 193 core 65 socket 1 numa 4 l3 64 place 1 nallowed 256 affinity 0-255
MPI rank 4/16 thread 2/16 host dec0153 cpu 194 core 66 socket 1 numa 4 l3 64 place 2 nallowed 256 affinity 0-255
MPI rank 4/16 thread 3/16 host dec0153 cpu 195 core 67 socket 1 numa 4 l3 64 place 3 nallowed 256 affinity 0-255
MPI rank 4/16 thread 4/16 host dec0153 cpu 196 core 68 socket 1 numa 4 l3 64 place 4 nallowed 256 affinity 0-255
MPI rank 4/16 thread 5/16 host dec0153 cpu 197 core 69 socket 1 numa 4 l3 64 place 5 nallowed 256 affinity 0-255
MPI rank 4/16 thread 6/16 host dec0153 cpu 198 core 70 socket 1 numa 4 l3 64 place 6 nallowed 256 affinity 0-255
MPI rank 4/16 thread 7/16 host dec0153 cpu 199 core 71 socket 1 numa 4 l3 64 place 7 nallowed 256 affinity 0-255
MPI rank 4/16 thread 8/16 host dec0153 cpu 200 core 72 socket 1 numa 4 l3 72 place 8 nallowed 256 affinity 0-255
MPI rank 4/16 thread 9/16 host dec0153 cpu 201 core 73 socket 1 numa 4 l3 72 place 9 nallowed 256 affinity 0-255
MPI rank 4/16 thread 10/16 host dec0153 cpu 202 core 74 socket 1 numa 4 l3 72 place 10 nallowed 256 affinity 0-255
MPI rank 4/16 thread 11/16 host dec0153 cpu 203 core 75 socket 1 numa 4 l3 72 place 11 nallowed 256 affinity 0-255
MPI rank 4/16 thread 12/16 host dec0153 cpu 204 core 76 socket 1 numa 4 l3 72 place 12 nallowed 256 affinity 0-255
MPI rank 4/16 thread 13/16 host dec0153 cpu 205 core 77 socket 1 numa 4 l3 72 place 13 nallowed 256 affinity 0-255
MPI rank 4/16 thread 14/16 host dec0153 cpu 206 core 78 socket 1 numa 4 l3 72 place 14 nallowed 256 affinity 0-255
MPI rank 4/16 thread 15/16 host dec0153 cpu 207 core 79 socket 1 numa 4 l3 72 place 15 nallowed 256 affinity 0-255
MPI rank 5/16 thread 0/16 host dec0153 cpu 80 core 80 socket 1 numa 5 l3 80 place 0 nallowed 256 affinity 0-255
MPI rank 5/16 thread 1/16 host dec0153 cpu 209 core 81 socket 1 numa 5 l3 80 place 1 nallowed 256 affinity 0-255
MPI rank 5/16 thread 2/16 host dec0153 cpu 210 core 82 socket 1 numa 5 l3 80 place 2 nallowed 256 affinity 0-255
MPI rank 5/16 thread 3/16 host dec0153 cpu 211 core 83 socket 1 numa 5 l3 80 place 3 nallowed 256 affinity 0-255
MPI rank 5/16 thread 4/16 host dec0153 cpu 212 core 84 socket 1 numa 5 l3 80 place 4 nallowed 256 affinity 0-255
MPI rank 5/16 thread 5/16 host dec0153 cpu 213 core 85 socket 1 numa 5 l3 80 place 5 nallowed 256 affinity 0-255
MPI rank 5/16 thread 6/16 host dec0153 cpu 214 core 86 socket 1 numa 5 l3 80 place 6 nallowed 256 affinity 0-255
MPI rank 5/16 thread 7/16 host dec0153 cpu 215 core 87 socket 1 numa 5 l3 80 place 7 nallowed 256 affinity 0-255
MPI rank 5/16 thread 8/16 host dec0153 cpu 216 core 88 socket 1 numa 5 l3 88 place 8 nallowed 256 affinity 0-255
MPI rank 5/16 thread 9/16 host dec0153 cpu 217 core 89 socket 1 numa 5 l3 88 place 9 nallowed 256 affinity 0-255
MPI rank 5/16 thread 10/16 host dec0153 cpu 218 core 90 socket 1 numa 5 l3 88 place 10 nallowed 256 affinity 0-255
MPI rank 5/16 thread 11/16 host dec0153 cpu 219 core 91 socket 1 numa 5 l3 88 place 11 nallowed 256 affinity 0-255
MPI rank 5/16 thread 12/16 host dec0153 cpu 220 core 92 socket 1 numa 5 l3 88 place 12 nallowed 256 affinity 0-255
MPI rank 5/16 thread 13/16 host dec0153 cpu 221 core 93 socket 1 numa 5 l3 88 place 13 nallowed 256 affinity 0-255
MPI rank 5/16 thread 14/16 host dec0153 cpu 222 core 94 socket 1 numa 5 l3 88 place 14 nallowed 256 affinity 0-255
MPI rank 5/16 thread 15/16 host dec0153 cpu 223 core 95 socket 1 numa 5 l3 88 place 15 nallowed 256 affinity 0-255
MPI rank 6/16 thread 0/16 host dec0153 cpu 96 core 96 socket 1 numa 6 l3 96 place 0 nallowed 256 affinity 0-255
MPI rank 6/16 thread 1/16 host dec0153 cpu 225 core 97 socket 1 numa 6 l3 96 place 1 nallowed 256 affinity 0-255
MPI rank 6/16 thread 2/16 host dec0153 cpu 226 core 98 socket 1 numa 6 l3 96 place 2 nallowed 256 affinity 0-255
MPI rank 6/16 thread 3/16 host dec0153 cpu 227 core 99 socket 1 numa 6 l3 96 place 3 nallowed 256 affinity 0-255
MPI rank 6/16 thread 4/16 host dec0153 cpu 228 core 100 socket 1 numa 6 l3 96 place 4 nallowed 256 affinity 0-255
MPI rank 6/16 thread 5/16 host dec0153 cpu 229 core 101 socket 1 numa 6 l3 96 place 5 nallowed 256 affinity 0-255
MPI rank 6/16 thread 6/16 host dec0153 cpu 230 core 102 socket 1 numa 6 l3 96 place 6 nallowed 256 affinity 0-255
MPI rank 6/16 thread 7/16 host dec0153 cpu 231 core 103 socket 1 numa 6 l3 96 place 7 nallowed 256 affinity 0-255
MPI rank 6/16 thread 8/16 host dec0153 cpu 232 core 104 socket 1 numa 6 l3 104 place 8 nallowed 256 affinity 0-255
MPI rank 6/16 thread 9/16 host dec0153 cpu 233 core 105 socket 1 numa 6 l3 104 place 9 nallowed 256 affinity 0-255
MPI rank 6/16 thread 10/16 host dec0153 cpu 234 core 106 socket 1 numa 6 l3 104 place 10 nallowed 256 affinity 0-255
MPI rank 6/16 thread 11/16 host dec0153 cpu 235 core 107 socket 1 numa 6 l3 104 place 11 nallowed 256 affinity 0-255
MPI rank 6/16 thread 12/16 host dec0153 cpu 236 core 108 socket 1 numa 6 l3 104 place 12 nallowed 256 affinity 0-255
MPI rank 6/16 thread 13/16 host dec0153 cpu 237 core 109 socket 1 numa 6 l3 104 place 13 nallowed 256 affinity 0-255
MPI rank 6/16 thread 14/16 host dec0153 cpu 238 core 110 socket 1 numa 6 l3 104 place 14 nallowed 256 affinity 0-255
MPI rank 6/16 thread 15/16 host dec0153 cpu 239 core 111 socket 1 numa 6 l3 104 place 15 nallowed 256 affinity 0-255
MPI rank 7/16 thread 0/16 host dec0153 cpu 240 core 112 socket 1 numa 7 l3 112 place 0 nallowed 256 affinity 0-255
MPI rank 7/16 thread 1/16 host dec0153 cpu 113 core 113 socket 1 numa 7 l3 112 place 1 nallowed 256 affinity 0-255
MPI rank 7/16 thread 2/16 host dec0153 cpu 114 core 114 socket 1 numa 7 l3 112 place 2 nallowed 256 affinity 0-255
MPI rank 7/16 thread 3/16 host dec0153 cpu 115 core 115 socket 1 numa 7 l3 112 place 3 nallowed 256 affinity 0-255
MPI rank 7/16 thread 4/16 host dec0153 cpu 116 core 116 socket 1 numa 7 l3 112 place 4 nallowed 256 affinity 0-255
MPI rank 7/16 thread 5/16 host dec0153 cpu 117 core 117 socket 1 numa 7 l3 112 place 5 nallowed 256 affinity 0-255
MPI rank 7/16 thread 6/16 host dec0153 cpu 118 core 118 socket 1 numa 7 l3 112 place 6 nallowed 256 affinity 0-255
MPI rank 7/16 thread 7/16 host dec0153 cpu 119 core 119 socket 1 numa 7 l3 112 place 7 nallowed 256 affinity 0-255
MPI rank 7/16 thread 8/16 host dec0153 cpu 120 core 120 socket 1 numa 7 l3 120 place 8 nallowed 256 affinity 0-255
MPI rank 7/16 thread 9/16 host dec0153 cpu 121 core 121 socket 1 numa 7 l3 120 place 9 nallowed 256 affinity 0-255
MPI rank 7/16 thread 10/16 host dec0153 cpu 122 core 122 socket 1 numa 7 l3 120 place 10 nallowed 256 affinity 0-255
MPI rank 7/16 thread 11/16 host dec0153 cpu 123 core 123 socket 1 numa 7 l3 120 place 11 nallowed 256 affinity 0-255
MPI rank 7/16 thread 12/16 host dec0153 cpu 124 core 124 socket 1 numa 7 l3 120 place 12 nallowed 256 affinity 0-255
MPI rank 7/16 thread 13/16 host dec0153 cpu 125 core 125 socket 1 numa 7 l3 120 place 13 nallowed 256 affinity 0-255
MPI rank 7/16 thread 14/16 host dec0153 cpu 126 core 126 socket 1 numa 7 l3 120 place 14 nallowed 256 affinity 0-255
MPI rank 7/16 thread 15/16 host dec0153 cpu 127 core 127 socket 1 numa 7 l3 120 place 15 nallowed 256 affinity 0-255
MPI rank 8/16 thread 0/16 host dec0154 cpu 128 core 0 socket 0 numa 0 l3 0 place 0 nallowed 256 affinity 0-255
MPI rank 8/16 thread 1/16 host dec0154 cpu 1 core 1 socket 0 numa 0 l3 0 place 1 nallowed 256 affinity 0-255
MPI rank 8/16 thread 2/16 host dec0154 cpu 2 core 2 socket 0 numa 0 l3 0 place 2 nallowed 256 affinity 0-255
MPI rank 8/16 thread 3/16 host dec0154 cpu 3 core 3 socket 0 numa 0 l3 0 place 3 nallowed 256 affinity 0-255
MPI rank 8/16 thread 4/16 host dec0154 cpu 4 core 4 socket 0 numa 0 l3 0 place 4 nallowed 256 affinity 0-255
MPI rank 8/16 thread 5/16 host dec0154 cpu 5 core 5 socket 0 numa 0 l3 0 place 5 nallowed 256 affinity 0-255
MPI rank 8/16 thread 6/16 host dec0154 cpu 6 core 6 socket 0 numa 0 l3 0 place 6 nallowed 256 affinity 0-255
MPI rank 8/16 thread 7/16 host dec0154 cpu 7 core 7 socket 0 numa 0 l3 0 place 7 nallowed 256 affinity 0-255
MPI rank 8/16 thread 8/16 host dec0154 cpu 8 core 8 socket 0 numa 0 l3 8 place 8 nallowed 256 affinity 0-255
MPI rank 8/16 thread 9/16 host dec0154 cpu 9 core 9 socket 0 numa 0 l3 8 place 9 nallowed 256 affinity 0-255
MPI rank 8/16 thread 10/16 host dec0154 cpu 10 core 10 socket 0 numa 0 l3 8 place 10 nallowed 256 affinity 0-255
MPI rank 8/16 thread 11/16 host dec0154 cpu 11 core 11 socket 0 numa 0 l3 8 place 11 nallowed 256 affinity 0-255
MPI rank 8/16 thread 12/16 host dec0154 cpu 12 core 12 socket 0 numa 0 l3 8 place 12 nallowed 256 affinity 0-255
MPI rank 8/16 thread 13/16 host dec0154 cpu 13 core 13 socket 0 numa 0 l3 8 place 13 nallowed 256 affinity 0-255
MPI rank 8/16 thread 14/16 host dec0154 cpu 14 core 14 socket 0 numa 0 l3 8 place 14 nallowed 256 affinity 0-255
MPI rank 8/16 thread 15/16 host dec0154 cpu 15 core 15 socket 0 numa 0 l3 8 place 15 nallowed 256 affinity 0-255
MPI rank 9/16 thread 0/16 host dec0154 cpu 16 core 16 socket 0 numa 1 l3 16 place 0 nallowed 256 affinity 0-255
MPI rank 9/16 thread 1/16 host dec0154 cpu 145 core 17 socket 0 numa 1 l3 16 place 1 nallowed 256 affinity 0-255
MPI rank 9/16 thread 2/16 host dec0154 cpu 146 core 18 socket 0 numa 1 l3 16 place 2 nallowed 256 affinity 0-255
MPI rank 9/16 thread 3/16 host dec0154 cpu 147 core 19 socket 0 numa 1 l3 16 place 3 nallowed 256 affinity 0-255
MPI rank 9/16 thread 4/16 host dec0154 cpu 148 core 20 socket 0 numa 1 l3 16 place 4 nallowed 256 affinity 0-255
MPI rank 9/16 thread 5/16 host dec0154 cpu 149 core 21 socket 0 numa 1 l3 16 place 5 nallowed 256 affinity 0-255
MPI rank 9/16 thread 6/16 host dec0154 cpu 150 core 22 socket 0 numa 1 l3 16 place 6 nallowed 256 affinity 0-255
MPI rank 9/16 thread 7/16 host dec0154 cpu 151 core 23 socket 0 numa 1 l3 16 place 7 nallowed 256 affinity 0-255
MPI rank 9/16 thread 8/16 host dec0154 cpu 152 core 24 socket 0 numa 1 l3 24 place 8 nallowed 256 affinity 0-255
MPI rank 9/16 thread 9/16 host dec0154 cpu 153 core 25 socket 0 numa 1 l3 24 place 9 nallowed 256 affinity 0-255
MPI rank 9/16 thread 10/16 host dec0154 cpu 154 core 26 socket 0 numa 1 l3 24 place 10 nallowed 256 affinity 0-255
MPI rank 9/16 thread 11/16 host dec0154 cpu 155 core 27 socket 0 numa 1 l3 24 place 11 nallowed 256 affinity 0-255
MPI rank 9/16 thread 12/16 host dec0154 cpu 156 core 28 socket 0 numa 1 l3 24 place 12 nallowed 256 affinity 0-255
MPI rank 9/16 thread 13/16 host dec0154 cpu 157 core 29 socket 0 numa 1 l3 24 place 13 nallowed 256 affinity 0-255
MPI rank 9/16 thread 14/16 host dec0154 cpu 158 core 30 socket 0 numa 1 l3 24 place 14 nallowed 256 affinity 0-255
MPI rank 9/16 thread 15/16 host dec0154 cpu 159 core 31 socket 0 numa 1 l3 24 place 15 nallowed 256 affinity 0-255
MPI rank 10/16 thread 0/16 host dec0154 cpu 32 core 32 socket 0 numa 2 l3 32 place 0 nallowed 256 affinity 0-255
MPI rank 10/16 thread 1/16 host dec0154 cpu 161 core 33 socket 0 numa 2 l3 32 place 1 nallowed 256 affinity 0-255
MPI rank 10/16 thread 2/16 host dec0154 cpu 162 core 34 socket 0 numa 2 l3 32 place 2 nallowed 256 affinity 0-255
MPI rank 10/16 thread 3/16 host dec0154 cpu 163 core 35 socket 0 numa 2 l3 32 place 3 nallowed 256 affinity 0-255
MPI rank 10/16 thread 4/16 host dec0154 cpu 164 core 36 socket 0 numa 2 l3 32 place 4 nallowed 256 affinity 0-255
MPI rank 10/16 thread 5/16 host dec0154 cpu 165 core 37 socket 0 numa 2 l3 32 place 5 nallowed 256 affinity 0-255
MPI rank 10/16 thread 6/16 host dec0154 cpu 166 core 38 socket 0 numa 2 l3 32 place 6 nallowed 256 affinity 0-255
MPI rank 10/16 thread 7/16 host dec0154 cpu 167 core 39 socket 0 numa 2 l3 32 place 7 nallowed 256 affinity 0-255
MPI rank 10/16 thread 8/16 host dec0154 cpu 168 core 40 socket 0 numa 2 l3 40 place 8 nallowed 256 affinity 0-255
MPI rank 10/16 thread 9/16 host dec0154 cpu 169 core 41 socket 0 numa 2 l3 40 place 9 nallowed 256 affinity 0-255
MPI rank 10/16 thread 10/16 host dec0154 cpu 170 core 42 socket 0 numa 2 l3 40 place 10 nallowed 256 affinity 0-255
MPI rank 10/16 thread 11/16 host dec0154 cpu 171 core 43 socket 0 numa 2 l3 40 place 11 nallowed 256 affinity 0-255
MPI rank 10/16 thread 12/16 host dec0154 cpu 172 core 44 socket 0 numa 2 l3 40 place 12 nallowed 256 affinity 0-255
MPI rank 10/16 thread 13/16 host dec0154 cpu 173 core 45 socket 0 numa 2 l3 40 place 13 nallowed 256 affinity 0-255
MPI rank 10/16 thread 14/16 host dec0154 cpu 174 core 46 socket 0 numa 2 l3 40 place 14 nallowed 256 affinity 0-255
MPI rank 10/16 thread 15/16 host dec0154 cpu 175 core 47 socket 0 numa 2 l3 40 place 15 nallowed 256 affinity 0-255
MPI rank 11/16 thread 0/16 host dec0154 cpu 48 core 48 socket 0 numa 3 l3 48 place 0 nallowed 256 affinity 0-255
MPI rank 11/16 thread 1/16 host dec0154 cpu 177 core 49 socket 0 numa 3 l3 48 place 1 nallowed 256 affinity 0-255
MPI rank 11/16 thread 2/16 host dec0154 cpu 178 core 50 socket 0 numa 3 l3 48 place 2 nallowed 256 affinity 0-255
MPI rank 11/16 thread 3/16 host dec0154 cpu 179 core 51 socket 0 numa 3 l3 48 place 3 nallowed 256 affinity 0-255
MPI rank 11/16 thread 4/16 host dec0154 cpu 180 core 52 socket 0 numa 3 l3 48 place 4 nallowed 256 affinity 0-255
MPI rank 11/16 thread 5/16 host dec0154 cpu 181 core 53 socket 0 numa 3 l3 48 place 5 nallowed 256 affinity 0-255
MPI rank 11/16 thread 6/16 host dec0154 cpu 182 core 54 socket 0 numa 3 l3 48 place 6 nallowed 256 affinity 0-255
MPI rank 11/16 thread 7/16 host dec0154 cpu 183 core 55 socket 0 numa 3 l3 48 place 7 nallowed 256 affinity 0-255
MPI rank 11/16 thread 8/16 host dec0154 cpu 184 core 56 socket 0 numa 3 l3 56 place 8 nallowed 256 affinity 0-255
MPI rank 11/16 thread 9/16 host dec0154 cpu 185 core 57 socket 0 numa 3 l3 56 place 9 nallowed 256 affinity 0-255
MPI rank 11/16 thread 10/16 host dec0154 cpu 186 core 58 socket 0 numa 3 l3 56 place 10 nallowed 256 affinity 0-255
MPI rank 11/16 thread 11/16 host dec0154 cpu 187 core 59 socket 0 numa 3 l3 56 place 11 nallowed 256 affinity 0-255
MPI rank 11/16 thread 12/16 host dec0154 cpu 188 core 60 socket 0 numa 3 l3 56 place 12 nallowed 256 affinity 0-255
MPI rank 11/16 thread 13/16 host dec0154 cpu 189 core 61 socket 0 numa 3 l3 56 place 13 nallowed 256 affinity 0-255
MPI rank 11/16 thread 14/16 host dec0154 cpu 190 core 62 socket 0 numa 3 l3 56 place 14 nallowed 256 affinity 0-255
MPI rank 11/16 thread 15/16 host dec0154 cpu 191 core 63 socket 0 numa 3 l3 56 place 15 nallowed 256 affinity 0-255
MPI rank 12/16 thread 0/16 host dec0154 cpu 64 core 64 socket 1 numa 4 l3 64 place 0 nallowed 256 affinity 0-255
MPI rank 12/16 thread 1/16 host dec0154 cpu 65 core 65 socket 1 numa 4 l3 64 place 1 nallowed 256 affinity 0-255
MPI rank 12/16 thread 2/16 host dec0154 cpu 66 core 66 socket 1 numa 4 l3 64 place 2 nallowed 256 affinity 0-255
MPI rank 12/16 thread 3/16 host dec0154 cpu 67 core 67 socket 1 numa 4 l3 64 place 3 nallowed 256 affinity 0-255
MPI rank 12/16 thread 4/16 host dec0154 cpu 68 core 68 socket 1 numa 4 l3 64 place 4 nallowed 256 affinity 0-255
MPI rank 12/16 thread 5/16 host dec0154 cpu 69 core 69 socket 1 numa 4 l3 64 place 5 nallowed 256 affinity 0-255
MPI rank 12/16 thread 6/16 host dec0154 cpu 70 core 70 socket 1 numa 4 l3 64 place 6 nallowed 256 affinity 0-255
MPI rank 12/16 thread 7/16 host dec0154 cpu 71 core 71 socket 1 numa 4 l3 64 place 7 nallowed 256 affinity 0-255
MPI rank 12/16 thread 8/16 host dec0154 cpu 72 core 72 socket 1 numa 4 l3 72 place 8 nallowed 256 affinity 0-255
MPI rank 12/16 thread 9/16 host dec0154 cpu 73 core 73 socket 1 numa 4 l3 72 place 9 nallowed 256 affinity 0-255
MPI rank 12/16 thread 10/16 host dec0154 cpu 74 core 74 socket 1 numa 4 l3 72 place 10 nallowed 256 affinity 0-255
MPI rank 12/16 thread 11/16 host dec0154 cpu 75 core 75 socket 1 numa 4 l3 72 place 11 nallowed 256 affinity 0-255
MPI rank 12/16 thread 12/16 host dec0154 cpu 76 core 76 socket 1 numa 4 l3 72 place 12 nallowed 256 affinity 0-255
MPI rank 12/16 thread 13/16 host dec0154 cpu 77 core 77 socket 1 numa 4 l3 72 place 13 nallowed 256 affinity 0-255
MPI rank 12/16 thread 14/16 host dec0154 cpu 78 core 78 socket 1 numa 4 l3 72 place 14 nallowed 256 affinity 0-255
MPI rank 12/16 thread 15/16 host dec0154 cpu 79 core 79 socket 1 numa 4 l3 72 place 15 nallowed 256 affinity 0-255
MPI rank 13/16 thread 0/16 host dec0154 cpu 208 core 80 socket 1 numa 5 l3 80 place 0 nallowed 256 affinity 0-255
MPI rank 13/16 thread 1/16 host dec0154 cpu 81 core 81 socket 1 numa 5 l3 80 place 1 nallowed 256 affinity 0-255
MPI rank 13/16 thread 2/16 host dec0154 cpu 82 core 82 socket 1 numa 5 l3 80 place 2 nallowed 256 affinity 0-255
MPI rank 13/16 thread 3/16 host dec0154 cpu 83 core 83 socket 1 numa 5 l3 80 place 3 nallowed 256 affinity 0-255
MPI rank 13/16 thread 4/16 host dec0154 cpu 84 core 84 socket 1 numa 5 l3 80 place 4 nallowed 256 affinity 0-255
MPI rank 13/16 thread 5/16 host dec0154 cpu 85 core 85 socket 1 numa 5 l3 80 place 5 nallowed 256 affinity 0-255
MPI rank 13/16 thread 6/16 host dec0154 cpu 86 core 86 socket 1 numa 5 l3 80 place 6 nallowed 256 affinity 0-255
MPI rank 13/16 thread 7/16 host dec0154 cpu 87 core 87 socket 1 numa 5 l3 80 place 7 nallowed 256 affinity 0-255
MPI rank 13/16 thread 8/16 host dec0154 cpu 88 core 88 socket 1 numa 5 l3 88 place 8 nallowed 256 affinity 0-255
MPI rank 13/16 thread 9/16 host dec0154 cpu 89 core 89 socket 1 numa 5 l3 88 place 9 nallowed 256 affinity 0-255
MPI rank 13/16 thread 10/16 host dec0154 cpu 90 core 90 socket 1 numa 5 l3 88 place 10 nallowed 256 affinity 0-255
MPI rank 13/16 thread 11/16 host dec0154 cpu 91 core 91 socket 1 numa 5 l3 88 place 11 nallowed 256 affinity 0-255
MPI rank 13/16 thread 12/16 host dec0154 cpu 92 core 92 socket 1 numa 5 l3 88 place 12 nallowed 256 affinity 0-255
MPI rank 13/16 thread 13/16 host dec0154 cpu 93 core 93 socket 1 numa 5 l3 88 place 13 nallowed 256 affinity 0-255
MPI rank 13/16 thread 14/16 host dec0154 cpu 94 core 94 socket 1 numa 5 l3 88 place 14 nallowed 256 affinity 0-255
MPI rank 13/16 thread 15/16 host dec0154 cpu 95 core 95 socket 1 numa 5 l3 88 place 15 nallowed 256 affinity 0-255
MPI rank 14/16 thread 0/16 host dec0154 cpu 224 core 96 socket 1 numa 6 l3 96 place 0 nallowed 256 affinity 0-255
MPI rank 14/16 thread 1/16 host dec0154 cpu 97 core 97 socket 1 numa 6 l3 96 place 1 nallowed 256 affinity 0-255
MPI rank 14/16 thread 2/16 host dec0154 cpu 98 core 98 socket 1 numa 6 l3 96 place 2 nallowed 256 affinity 0-255
MPI rank 14/16 thread 3/16 host dec0154 cpu 99 core 99 socket 1 numa 6 l3 96 place 3 nallowed 256 affinity 0-255
MPI rank 14/16 thread 4/16 host dec0154 cpu 100 core 100 socket 1 numa 6 l3 96 place 4 nallowed 256 affinity 0-255
MPI rank 14/16 thread 5/16 host dec0154 cpu 101 core 101 socket 1 numa 6 l3 96 place 5 nallowed 256 affinity 0-255
MPI rank 14/16 thread 6/16 host dec0154 cpu 102 core 102 socket 1 numa 6 l3 96 place 6 nallowed 256 affinity 0-255
MPI rank 14/16 thread 7/16 host dec0154 cpu 103 core 103 socket 1 numa 6 l3 96 place 7 nallowed 256 affinity 0-255
MPI rank 14/16 thread 8/16 host dec0154 cpu 104 core 104 socket 1 numa 6 l3 104 place 8 nallowed 256 affinity 0-255
MPI rank 14/16 thread 9/16 host dec0154 cpu 105 core 105 socket 1 numa 6 l3 104 place 9 nallowed 256 affinity 0-255
MPI rank 14/16 thread 10/16 host dec0154 cpu 106 core 106 socket 1 numa 6 l3 104 place 10 nallowed 256 affinity 0-255
MPI rank 14/16 thread 11/16 host dec0154 cpu 107 core 107 socket 1 numa 6 l3 104 place 11 nallowed 256 affinity 0-255
MPI rank 14/16 thread 12/16 host dec0154 cpu 108 core 108 socket 1 numa 6 l3 104 place 12 nallowed 256 affinity 0-255
MPI rank 14/16 thread 13/16 host dec0154 cpu 109 core 109 socket 1 numa 6 l3 104 place 13 nallowed 256 affinity 0-255
MPI rank 14/16 thread 14/16 host dec0154 cpu 110 core 110 socket 1 numa 6 l3 104 place 14 nallowed 256 affinity 0-255
MPI rank 14/16 thread 15/16 host dec0154 cpu 111 core 111 socket 1 numa 6 l3 104 place 15 nallowed 256 affinity 0-255
MPI rank 15/16 thread 0/16 host dec0154 cpu 240 core 112 socket 1 numa 7 l3 112 place 0 nallowed 256 affinity 0-255
MPI rank 15/16 thread 1/16 host dec0154 cpu 241 core 113 socket 1 numa 7 l3 112 place 1 nallowed 256 affinity 0-255
MPI rank 15/16 thread 2/16 host dec0154 cpu 242 core 114 socket 1 numa 7 l3 112 place 2 nallowed 256 affinity 0-255
MPI rank 15/16 thread 3/16 host dec0154 cpu 243 core 115 socket 1 numa 7 l3 112 place 3 nallowed 256 affinity 0-255
MPI rank 15/16 thread 4/16 host dec0154 cpu 244 core 116 socket 1 numa 7 l3 112 place 4 nallowed 256 affinity 0-255
MPI rank 15/16 thread 5/16 host dec0154 cpu 245 core 117 socket 1 numa 7 l3 112 place 5 nallowed 256 affinity 0-255
MPI rank 15/16 thread 6/16 host dec0154 cpu 246 core 118 socket 1 numa 7 l3 112 place 6 nallowed 256 affinity 0-255
MPI rank 15/16 thread 7/16 host dec0154 cpu 247 core 119 socket 1 numa 7 l3 112 place 7 nallowed 256 affinity 0-255
MPI rank 15/16 thread 8/16 host dec0154 cpu 248 core 120 socket 1 numa 7 l3 120 place 8 nallowed 256 affinity 0-255
MPI rank 15/16 thread 9/16 host dec0154 cpu 249 core 121 socket 1 numa 7 l3 120 place 9 nallowed 256 affinity 0-255
MPI rank 15/16 thread 10/16 host dec0154 cpu 250 core 122 socket 1 numa 7 l3 120 place 10 nallowed 256 affinity 0-255
MPI rank 15/16 thread 11/16 host dec0154 cpu 251 core 123 socket 1 numa 7 l3 120 place 11 nallowed 256 affinity 0-255
MPI rank 15/16 thread 12/16 host dec0154 cpu 252 core 124 socket 1 numa 7 l3 120 place 12 nallowed 256 affinity 0-255
MPI rank 15/16 thread 13/16 host dec0154 cpu 253 core 125 socket 1 numa 7 l3 120 place 13 nallowed 256 affinity 0-255
MPI rank 15/16 thread 14/16 host dec0154 cpu 254 core 126 socket 1 numa 7 l3 120 place 14 nallowed 256 affinity 0-255
MPI rank 15/16 thread 15/16 host dec0154 cpu 255 core 127 socket 1 numa 7 l3 120 place 15 nallowed 256 affinity 0-255
csv: rank,thread,nthreads,host,cpu,core,socket,numa,l3,place,nallowed,affinity
csv: 0,0,16,dec0153,128,0,0,0,0,0,256,"0-255"
csv: 0,1,16,dec0153,1,1,0,0,0,1,256,"0-255"
csv: 0,2,16,dec0153,2,2,0,0,0,2,256,"0-255"
csv: 0,3,16,dec0153,3,3,0,0,0,3,256,"0-255"
csv: 0,4,16,dec0153,4,4,0,0,0,4,256,"0-255"
csv: 0,5,16,dec0153,5,5,0,0,0,5,256,"0-255"
csv: 0,6,16,dec0153,6,6,0,0,0,6,256,"0-255"
csv: 0,7,16,dec0153,7,7,0,0,0,7,256,"0-255"
csv: 0,8,16,dec0153,8,8,0,0,8,8,256,"0-255"
csv: 0,9,16,dec0153,9,9,0,0,8,9,256,"0-255"
csv: 0,10,16,dec0153,10,10,0,0,8,10,256,"0-255"
csv: 0,11,16,dec0153,11,11,0,0,8,11,256,"0-255"
csv: 0,12,16,dec0153,12,12,0,0,8,12,256,"0-255"
csv: 0,13,16,dec0153,13,13,0,0,8,13,256,"0-255"
csv: 0,14,16,dec0153,14,14,0,0,8,14,256,"0-255"
csv: 0,15,16,dec0153,15,15,0,0,8,15,256,"0-255"
csv: 1,0,16,dec0153,16,16,0,1,16,0,256,"0-255"
csv: 1,1,16,dec0153,17,17,0,1,16,1,256,"0-255"
csv: 1,2,16,dec0153,18,18,0,1,16,2,256,"0-255"
csv: 1,3,16,dec0153,19,19,0,1,16,3,256,"0-255"
csv: 1,4,16,dec0153,20,20,0,1,16,4,256,"0-255"
csv: 1,5,16,dec0153,21,21,0,1,16,5,256,"0-255"
csv: 1,6,16,dec0153,22,22,0,1,16,6,256,"0-255"
csv: 1,7,16,dec0153,23,23,0,1,16,7,256,"0-255"
csv: 1,8,16,dec0153,24,24,0,1,24,8,256,"0-255"
csv: 1,9,16,dec0153,25,25,0,1,24,9,256,"0-255"
csv: 1,10,16,dec0153,26,26,0,1,24,10,256,"0-255"
csv: 1,11,16,dec0153,27,27,0,1,24,11,256,"0-255"
csv: 1,12,16,dec0153,28,28,0,1,24,12,256,"0-255"
csv: 1,13,16,dec0153,29,29,0,1,24,13,256,"0-255"
csv: 1,14,16,dec0153,30,30,0,1,24,14,256,"0-255"
csv: 1,15,16,dec0153,31,31,0,1,24,15,256,"0-255"
csv: 2,0,16,dec0153,160,32,0,2,32,0,256,"0-255"
csv: 2,1,16,dec0153,33,33,0,2,32,1,256,"0-255"
csv: 2,2,16,dec0153,34,34,0,2,32,2,256,"0-255"
csv: 2,3,16,dec0153,35,35,0,2,32,3,256,"0-255"
csv: 2,4,16,dec0153,36,36,0,2,32,4,256,"0-255"
csv: 2,5,16,dec0153,37,37,0,2,32,5,256,"0-255"
csv: 2,6,16,dec0153,38,38,0,2,32,6,256,"0-255"
csv: 2,7,16,dec0153,39,39,0,2,32,7,256,"0-255"
csv: 2,8,16,dec0153,40,40,0,2,40,8,256,"0-255"
csv: 2,9,16,dec0153,41,41,0,2,40,9,256,"0-255"
csv: 2,10,16,dec0153,42,42,0,2,40,10,256,"0-255"
csv: 2,11,16,dec0153,43,43,0,2,40,11,256,"0-255"
csv: 2,12,16,dec0153,44,44,0,2,40,12,256,"0-255"
csv: 2,13,16,dec0153,45,45,0,2,40,13,256,"0-255"
csv: 2,14,16,dec0153,46,46,0,2,40,14,256,"0-255"
csv: 2,15,16,dec0153,47,47,0,2,40,15,256,"0-255"
csv: 3,0,16,dec0153,176,48,0,3,48,0,256,"0-255"
csv: 3,1,16,dec0153,177,49,0,3,48,1,256,"0-255"
csv: 3,2,16,dec0153,178,50,0,3,48,2,256,"0-255"
csv: 3,3,16,dec0153,179,51,0,3,48,3,256,"0-255"
csv: 3,4,16,dec0153,180,52,0,3,48,4,256,"0-255"
csv: 3,5,16,dec0153,181,53,0,3,48,5,256,"0-255"
csv: 3,6,16,dec0153,182,54,0,3,48,6,256,"0-255"
csv: 3,7,16,dec0153,183,55,0,3,48,7,256,"0-255"
csv: 3,8,16,dec0153,184,56,0,3,56,8,256,"0-255"
csv: 3,9,16,dec0153,185,57,0,3,56,9,256,"0-255"
csv: 3,10,16,dec0153,186,58,0,3,56,10,256,"0-255"
csv: 3,11,16,dec0153,187,59,0,3,56,11,256,"0-255"
csv: 3,12,16,dec0153,188,60,0,3,56,12,256,"0-255"
csv: 3,13,16,dec0153,189,61,0,3,56,13,256,"0-255"
csv: 3,14,16,dec0153,190,62,0,3,56,14,256,"0-255"
csv: 3,15,16,dec0153,191,63,0,3,56,15,256,"0-255"
csv: 4,0,16,dec0153,192,64,1,4,64,0,256,"0-255"
csv: 4,1,16,dec0153,193,65,1,4,64,1,256,"0-255"
csv: 4,2,16,dec0153,194,66,1,4,64,2,256,"0-255"
csv: 4,3,16,dec0153,195,67,1,4,64,3,256,"0-255"
csv: 4,4,16,dec0153,196,68,1,4,64,4,256,"0-255"
csv: 4,5,16,dec0153,197,69,1,4,64,5,256,"0-255"
csv: 4,6,16,dec0153,198,70,1,4,64,6,256,"0-255"
csv: 4,7,16,dec0153,199,71,1,4,64,7,256,"0-255"
csv: 4,8,16,dec0153,200,72,1,4,72,8,256,"0-255"
csv: 4,9,16,dec0153,201,73,1,4,72,9,256,"0-255"
csv: 4,10,16,dec0153,202,74,1,4,72,10,256,"0-255"
csv: 4,11,16,dec0153,203,75,1,4,72,11,256,"0-255"
csv: 4,12,16,dec0153,204,76,1,4,72,12,256,"0-255"
csv: 4,13,16,dec0153,205,77,1,4,72,13,256,"0-255"
csv: 4,14,16,dec0153,206,78,1,4,72,14,256,"0-255"
csv: 4,15,16,dec0153,207,79,1,4,72,15,256,"0-255"
csv: 5,0,16,dec0153,80,80,1,5,80,0,256,"0-255"
csv: 5,1,16,dec0153,209,81,1,5,80,1,256,"0-255"
csv: 5,2,16,dec0153,210,82,1,5,80,2,256,"0-255"
csv: 5,3,16,dec0153,211,83,1,5,80,3,256,"0-255"
csv: 5,4,16,dec0153,212,84,1,5,80,4,256,"0-255"
csv: 5,5,16,dec0153,213,85,1,5,80,5,256,"0-255"
csv: 5,6,16,dec0153,214,86,1,5,80,6,256,"0-255"
csv: 5,7,16,dec0153,215,87,1,5,80,7,256,"0-255"
csv: 5,8,16,dec0153,216,88,1,5,88,8,256,"0-255"
csv: 5,9,16,dec0153,217,89,1,5,88,9,256,"0-255"
csv: 5,10,16,dec0153,218,90,1,5,88,10,256,"0-255"
csv: 5,11,16,dec0153,219,91,1,5,88,11,256,"0-255"
csv: 5,12,16,dec0153,220,92,1,5,88,12,256,"0-255"
csv: 5,13,16,dec0153,221,93,1,5,88,13,256,"0-255"
csv: 5,14,16,dec0153,222,94,1,5,88,14,256,"0-255"
csv: 5,15,16,dec0153,223,95,1,5,88,15,256,"0-255"
csv: 6,0,16,dec0153,96,96,1,6,96,0,256,"0-255"
csv: 6,1,16,dec0153,225,97,1,6,96,1,256,"0-255"
csv: 6,2,16,dec0153,226,98,1,6,96,2,256,"0-255"
csv: 6,3,16,dec0153,227,99,1,6,96,3,256,"0-255"
csv: 6,4,16,dec0153,228,100,1,6,96,4,256,"0-255"
csv: 6,5,16,dec0153,229,101,1,6,96,5,256,"0-255"
csv: 6,6,16,dec0153,230,102,1,6,96,6,256,"0-255"
csv: 6,7,16,dec0153,231,103,1,6,96,7,256,"0-255"
csv: 6,8,16,dec0153,232,104,1,6,104,8,256,"0-255"
csv: 6,9,16,dec0153,233,105,1,6,104,9,256,"0-255"
csv: 6,10,16,dec0153,234,106,1,6,104,10,256,"0-255"
csv: 6,11,16,dec0153,235,107,1,6,104,11,256,"0-255"
csv: 6,12,16,dec0153,236,108,1,6,104,12,256,"0-255"
csv: 6,13,16,dec0153,237,109,1,6,104,13,256,"0-255"
csv: 6,14,16,dec0153,238,110,1,6,104,14,256,"0-255"
csv: 6,15,16,dec0153,239,111,1,6,104,15,256,"0-255"
csv: 7,0,16,dec0153,240,112,1,7,112,0,256,"0-255"
csv: 7,1,16,dec0153,113,113,1,7,112,1,256,"0-255"
csv: 7,2,16,dec0153,114,114,1,7,112,2,256,"0-255"
csv: 7,3,16,dec0153,115,115,1,7,112,3,256,"0-255"
csv: 7,4,16,dec0153,116,116,1,7,112,4,256,"0-255"
csv: 7,5,16,dec0153,117,117,1,7,112,5,256,"0-255"
csv: 7,6,16,dec0153,118,118,1,7,112,6,256,"0-255"
csv: 7,7,16,dec0153,119,119,1,7,112,7,256,"0-255"
csv: 7,8,16,dec0153,120,120,1,7,120,8,256,"0-255"
csv: 7,9,16,dec0153,121,121,1,7,120,9,256,"0-255"
csv: 7,10,16,dec0153,122,122,1,7,120,10,256,"0-255"
csv: 7,11,16,dec0153,123,123,1,7,120,11,256,"0-255"
csv: 7,12,16,dec0153,124,124,1,7,120,12,256,"0-255"
csv: 7,13,16,dec0153,125,125,1,7,120,13,256,"0-255"
csv: 7,14,16,dec0153,126,126,1,7,120,14,256,"0-255"
csv: 7,15,16,dec0153,127,127,1,7,120,15,256,"0-255"
csv: 8,0,16,dec0154,128,0,0,0,0,0,256,"0-255"
csv: 8,1,16,dec0154,1,1,0,0,0,1,256,"0-255"
csv: 8,2,16,dec0154,2,2,0,0,0,2,256,"0-255"
csv: 8,3,16,dec0154,3,3,0,0,0,3,256,"0-255"
csv: 8,4,16,dec0154,4,4,0,0,0,4,256,"0-255"
csv: 8,5,16,dec0154,5,5,0,0,0,5,256,"0-255"
csv: 8,6,16,dec0154,6,6,0,0,0,6,256,"0-255"
csv: 8,7,16,dec0154,7,7,0,0,0,7,256,"0-255"
csv: 8,8,16,dec0154,8,8,0,0,8,8,256,"0-255"
csv: 8,9,16,dec0154,9,9,0,0,8,9,256,"0-255"
csv: 8,10,16,dec0154,10,10,0,0,8,10,256,"0-255"
csv: 8,11,16,dec0154,11,11,0,0,8,11,256,"0-255"
csv: 8,12,16,dec0154,12,12,0,0,8,12,256,"0-255"
csv: 8,13,16,dec0154,13,13,0,0,8,13,256,"0-255"
csv: 8,14,16,dec0154,14,14,0,0,8,14,256,"0-255"
csv: 8,15,16,dec0154,15,15,0,0,8,15,256,"0-255"
csv: 9,0,16,dec0154,16,16,0,1,16,0,256,"0-255"
csv: 9,1,16,dec0154,145,17,0,1,16,1,256,"0-255"
csv: 9,2,16,dec0154,146,18,0,1,16,2,256,"0-255"
csv: 9,3,16,dec0154,147,19,0,1,16,3,256,"0-255"
csv: 9,4,16,dec0154,148,20,0,1,16,4,256,"0-255"
csv: 9,5,16,dec0154,149,21,0,1,16,5,256,"0-255"
csv: 9,6,16,dec0154,150,22,0,1,16,6,256,"0-255"
csv: 9,7,16,dec0154,151,23,0,1,16,7,256,"0-255"
csv: 9,8,16,dec0154,152,24,0,1,24,8,256,"0-255"
csv: 9,9,16,dec0154,153,25,0,1,24,9,256,"0-255"
csv: 9,10,16,dec0154,154,26,0,1,24,10,256,"0-255"
csv: 9,11,16,dec0154,155,27,0,1,24,11,256,"0-255"
csv: 9,12,16,dec0154,156,28,0,1,24,12,256,"0-255"
csv: 9,13,16,dec0154,157,29,0,1,24,13,256,"0-255"
csv: 9,14,16,dec0154,158,30,0,1,24,14,256,"0-255"
csv: 9,15,16,dec0154,159,31,0,1,24,15,256,"0-255"
csv: 10,0,16,dec0154,32,32,0,2,32,0,256,"0-255"
csv: 10,1,16,dec0154,161,33,0,2,32,1,256,"0-255"
csv: 10,2,16,dec0154,162,34,0,2,32,2,256,"0-255"
csv: 10,3,16,dec0154,163,35,0,2,32,3,256,"0-255"
csv: 10,4,16,dec0154,164,36,0,2,32,4,256,"0-255"
csv: 10,5,16,dec0154,165,37,0,2,32,5,256,"0-255"
csv: 10,6,16,dec0154,166,38,0,2,32,6,256,"0-255"
csv: 10,7,16,dec0154,167,39,0,2,32,7,256,"0-255"
csv: 10,8,16,dec0154,168,40,0,2,40,8,256,"0-255"
csv: 10,9,16,dec0154,169,41,0,2,40,9,256,"0-255"
csv: 10,10,16,dec0154,170,42,0,2,40,10,256,"0-255"
csv: 10,11,16,dec0154,171,43,0,2,40,11,256,"0-255"
csv: 10,12,16,dec0154,172,44,0,2,40,12,256,"0-255"
csv: 10,13,16,dec0154,173,45,0,2,40,13,256,"0-255"
csv: 10,14,16,dec0154,174,46,0,2,40,14,256,"0-255"
csv: 10,15,16,dec0154,175,47,0,2,40,15,256,"0-255"
csv: 11,0,16,dec0154,48,48,0,3,48,0,256,"0-255"
csv: 11,1,16,dec0154,177,49,0,3,48,1,256,"0-255"
csv: 11,2,16,dec0154,178,50,0,3,48,2,256,"0-255"
csv: 11,3,16,dec0154,179,51,0,3,48,3,256,"0-255"
csv: 11,4,16,dec0154,180,52,0,3,48,4,256,"0-255"
csv: 11,5,16,dec0154,181,53,0,3,48,5,256,"0-255"
csv: 11,6,16,dec0154,182,54,0,3,48,6,256,"0-255"
csv: 11,7,16,dec0154,183,55,0,3,48,7,256,"0-255"
csv: 11,8,16,dec0154,184,56,0,3,56,8,256,"0-255"
csv: 11,9,16,dec0154,185,57,0,3,56,9,256,"0-255"
csv: 11,10,16,dec0154,186,58,0,3,56,10,256,"0-255"
csv: 11,11,16,dec0154,187,59,0,3,56,11,256,"0-255"
csv: 11,12,16,dec0154,188,60,0,3,56,12,256,"0-255"
csv: 11,13,16,dec0154,189,61,0,3,56,13,256,"0-255"
csv: 11,14,16,dec0154,190,62,0,3,56,14,256,"0-255"
csv: 11,15,16,dec0154,191,63,0,3,56,15,256,"0-255"
csv: 12,0,16,dec0154,64,64,1,4,64,0,256,"0-255"
csv: 12,1,16,dec0154,65,65,1,4,64,1,256,"0-255"
csv: 12,2,16,dec0154,66,66,1,4,64,2,256,"0-255"
csv: 12,3,16,dec0154,67,67,1,4,64,3,256,"0-255"
csv: 12,4,16,dec0154,68,68,1,4,64,4,256,"0-255"
csv: 12,5,16,dec0154,69,69,1,4,64,5,256,"0-255"
csv: 12,6,16,dec0154,70,70,1,4,64,6,256,"0-255"
csv: 12,7,16,dec0154,71,71,1,4,64,7,256,"0-255"
csv: 12,8,16,dec0154,72,72,1,4,72,8,256,"0-255"
csv: 12,9,16,dec0154,73,73,1,4,72,9,256,"0-255"
csv: 12,10,16,dec0154,74,74,1,4,72,10,256,"0-255"
csv: 12,11,16,dec0154,75,75,1,4,72,11,256,"0-255"
csv: 12,12,16,dec0154,76,76,1,4,72,12,256,"0-255"
csv: 12,13,16,dec0154,77,77,1,4,72,13,256,"0-255"
csv: 12,14,16,dec0154,78,78,1,4,72,14,256,"0-255"
csv: 12,15,16,dec0154,79,79,1,4,72,15,256,"0-255"
csv: 13,0,16,dec0154,208,80,1,5,80,0,256,"0-255"
csv: 13,1,16,dec0154,81,81,1,5,80,1,256,"0-255"
csv: 13,2,16,dec0154,82,82,1,5,80,2,256,"0-255"
csv: 13,3,16,dec0154,83,83,1,5,80,3,256,"0-255"
csv: 13,4,16,dec0154,84,84,1,5,80,4,256,"0-255"
csv: 13,5,16,dec0154,85,85,1,5,80,5,256,"0-255"
csv: 13,6,16,dec0154,86,86,1,5,80,6,256,"0-255"
csv: 13,7,16,dec0154,87,87,1,5,80,7,256,"0-255"
csv: 13,8,16,dec0154,88,88,1,5,88,8,256,"0-255"
csv: 13,9,16,dec0154,89,89,1,5,88,9,256,"0-255"
csv: 13,10,16,dec0154,90,90,1,5,88,10,256,"0-255"
csv: 13,11,16,dec0154,91,91,1,5,88,11,256,"0-255"
csv: 13,12,16,dec0154,92,92,1,5,88,12,256,"0-255"
csv: 13,13,16,dec0154,93,93,1,5,88,13,256,"0-255"
csv: 13,14,16,dec0154,94,94,1,5,88,14,256,"0-255"
csv: 13,15,16,dec0154,95,95,1,5,88,15,256,"0-255"
csv: 14,0,16,dec0154,224,96,1,6,96,0,256,"0-255"
csv: 14,1,16,dec0154,97,97,1,6,96,1,256,"0-255"
csv: 14,2,16,dec0154,98,98,1,6,96,2,256,"0-255"
csv: 14,3,16,dec0154,99,99,1,6,96,3,256,"0-255"
csv: 14,4,16,dec0154,100,100,1,6,96,4,256,"0-255"
csv: 14,5,16,dec0154,101,101,1,6,96,5,256,"0-255"
csv: 14,6,16,dec0154,102,102,1,6,96,6,256,"0-255"
csv: 14,7,16,dec0154,103,103,1,6,96,7,256,"0-255"
csv: 14,8,16,dec0154,104,104,1,6,104,8,256,"0-255"
csv: 14,9,16,dec0154,105,105,1,6,104,9,256,"0-255"
csv: 14,10,16,dec0154,106,106,1,6,104,10,256,"0-255"
csv: 14,11,16,dec0154,107,107,1,6,104,11,256,"0-255"
csv: 14,12,16,dec0154,108,108,1,6,104,12,256,"0-255"
csv: 14,13,16,dec0154,109,109,1,6,104,13,256,"0-255"
csv: 14,14,16,dec0154,110,110,1,6,104,14,256,"0-255"
csv: 14,15,16,dec0154,111,111,1,6,104,15,256,"0-255"
csv: 15,0,16,dec0154,240,112,1,7,112,0,256,"0-255"
csv: 15,1,16,dec0154,241,113,1,7,112,1,256,"0-255"
csv: 15,2,16,dec0154,242,114,1,7,112,2,256,"0-255"
csv: 15,3,16,dec0154,243,115,1,7,112,3,256,"0-255"
csv: 15,4,16,dec0154,244,116,1,7,112,4,256,"0-255"
csv: 15,5,16,dec0154,245,117,1,7,112,5,256,"0-255"
csv: 15,6,16,dec0154,246,118,1,7,112,6,256,"0-255"
csv: 15,7,16,dec0154,247,119,1,7,112,7,256,"0-255"
csv: 15,8,16,dec0154,248,120,1,7,120,8,256,"0-255"
csv: 15,9,16,dec0154,249,121,1,7,120,9,256,"0-255"
csv: 15,10,16,dec0154,250,122,1,7,120,10,256,"0-255"
csv: 15,11,16,dec0154,251,123,1,7,120,11,256,"0-255"
csv: 15,12,16,dec0154,252,124,1,7,120,12,256,"0-255"
csv: 15,13,16,dec0154,253,125,1,7,120,13,256,"0-255"
csv: 15,14,16,dec0154,254,126,1,7,120,14,256,"0-255"
csv: 15,15,16,dec0154,255,127,1,7,120,15,256,"0-255"
