MPI VERSION    : CRAY MPICH version 8.1.32.110 (ANL base 3.4a2)
MPI BUILD INFO : Thu Feb 06 22:55 2025 (git hash f9c5634) (CH4)
# exe /container/bin/report_placement
# mpi MPI VERSION    : CRAY MPICH version 8.1.32.110 (ANL base 3.4a2)
# thread_level requested=FUNNELED provided=FUNNELED
# openmp 201511 procbind spread | ranks 16 | topology sysfs | mpiname dec0153
# env OMP_NUM_THREADS=16 OMP_PROC_BIND=spread OMP_PLACES=cores PBS_JOBID=7092561.desched1
MPI rank 0/16 thread 0/16 host dec0153 cpu 0 core 0 socket 0 numa 0 l3 0 place 0 nallowed 1 affinity 0
MPI rank 0/16 thread 1/16 host dec0153 cpu 0 core 0 socket 0 numa 0 l3 0 place 0 nallowed 1 affinity 0
MPI rank 0/16 thread 2/16 host dec0153 cpu 0 core 0 socket 0 numa 0 l3 0 place 0 nallowed 1 affinity 0
MPI rank 0/16 thread 3/16 host dec0153 cpu 0 core 0 socket 0 numa 0 l3 0 place 0 nallowed 1 affinity 0
MPI rank 0/16 thread 4/16 host dec0153 cpu 0 core 0 socket 0 numa 0 l3 0 place 0 nallowed 1 affinity 0
MPI rank 0/16 thread 5/16 host dec0153 cpu 0 core 0 socket 0 numa 0 l3 0 place 0 nallowed 1 affinity 0
MPI rank 0/16 thread 6/16 host dec0153 cpu 0 core 0 socket 0 numa 0 l3 0 place 0 nallowed 1 affinity 0
MPI rank 0/16 thread 7/16 host dec0153 cpu 0 core 0 socket 0 numa 0 l3 0 place 0 nallowed 1 affinity 0
MPI rank 0/16 thread 8/16 host dec0153 cpu 0 core 0 socket 0 numa 0 l3 0 place 0 nallowed 1 affinity 0
MPI rank 0/16 thread 9/16 host dec0153 cpu 0 core 0 socket 0 numa 0 l3 0 place 0 nallowed 1 affinity 0
MPI rank 0/16 thread 10/16 host dec0153 cpu 0 core 0 socket 0 numa 0 l3 0 place 0 nallowed 1 affinity 0
MPI rank 0/16 thread 11/16 host dec0153 cpu 0 core 0 socket 0 numa 0 l3 0 place 0 nallowed 1 affinity 0
MPI rank 0/16 thread 12/16 host dec0153 cpu 0 core 0 socket 0 numa 0 l3 0 place 0 nallowed 1 affinity 0
MPI rank 0/16 thread 13/16 host dec0153 cpu 0 core 0 socket 0 numa 0 l3 0 place 0 nallowed 1 affinity 0
MPI rank 0/16 thread 14/16 host dec0153 cpu 0 core 0 socket 0 numa 0 l3 0 place 0 nallowed 1 affinity 0
MPI rank 0/16 thread 15/16 host dec0153 cpu 0 core 0 socket 0 numa 0 l3 0 place 0 nallowed 1 affinity 0
MPI rank 1/16 thread 0/16 host dec0153 cpu 1 core 1 socket 0 numa 0 l3 0 place 0 nallowed 1 affinity 1
MPI rank 1/16 thread 1/16 host dec0153 cpu 1 core 1 socket 0 numa 0 l3 0 place 0 nallowed 1 affinity 1
MPI rank 1/16 thread 2/16 host dec0153 cpu 1 core 1 socket 0 numa 0 l3 0 place 0 nallowed 1 affinity 1
MPI rank 1/16 thread 3/16 host dec0153 cpu 1 core 1 socket 0 numa 0 l3 0 place 0 nallowed 1 affinity 1
MPI rank 1/16 thread 4/16 host dec0153 cpu 1 core 1 socket 0 numa 0 l3 0 place 0 nallowed 1 affinity 1
MPI rank 1/16 thread 5/16 host dec0153 cpu 1 core 1 socket 0 numa 0 l3 0 place 0 nallowed 1 affinity 1
MPI rank 1/16 thread 6/16 host dec0153 cpu 1 core 1 socket 0 numa 0 l3 0 place 0 nallowed 1 affinity 1
MPI rank 1/16 thread 7/16 host dec0153 cpu 1 core 1 socket 0 numa 0 l3 0 place 0 nallowed 1 affinity 1
MPI rank 1/16 thread 8/16 host dec0153 cpu 1 core 1 socket 0 numa 0 l3 0 place 0 nallowed 1 affinity 1
MPI rank 1/16 thread 9/16 host dec0153 cpu 1 core 1 socket 0 numa 0 l3 0 place 0 nallowed 1 affinity 1
MPI rank 1/16 thread 10/16 host dec0153 cpu 1 core 1 socket 0 numa 0 l3 0 place 0 nallowed 1 affinity 1
MPI rank 1/16 thread 11/16 host dec0153 cpu 1 core 1 socket 0 numa 0 l3 0 place 0 nallowed 1 affinity 1
MPI rank 1/16 thread 12/16 host dec0153 cpu 1 core 1 socket 0 numa 0 l3 0 place 0 nallowed 1 affinity 1
MPI rank 1/16 thread 13/16 host dec0153 cpu 1 core 1 socket 0 numa 0 l3 0 place 0 nallowed 1 affinity 1
MPI rank 1/16 thread 14/16 host dec0153 cpu 1 core 1 socket 0 numa 0 l3 0 place 0 nallowed 1 affinity 1
MPI rank 1/16 thread 15/16 host dec0153 cpu 1 core 1 socket 0 numa 0 l3 0 place 0 nallowed 1 affinity 1
MPI rank 2/16 thread 0/16 host dec0153 cpu 2 core 2 socket 0 numa 0 l3 0 place 0 nallowed 1 affinity 2
MPI rank 2/16 thread 1/16 host dec0153 cpu 2 core 2 socket 0 numa 0 l3 0 place 0 nallowed 1 affinity 2
MPI rank 2/16 thread 2/16 host dec0153 cpu 2 core 2 socket 0 numa 0 l3 0 place 0 nallowed 1 affinity 2
MPI rank 2/16 thread 3/16 host dec0153 cpu 2 core 2 socket 0 numa 0 l3 0 place 0 nallowed 1 affinity 2
MPI rank 2/16 thread 4/16 host dec0153 cpu 2 core 2 socket 0 numa 0 l3 0 place 0 nallowed 1 affinity 2
MPI rank 2/16 thread 5/16 host dec0153 cpu 2 core 2 socket 0 numa 0 l3 0 place 0 nallowed 1 affinity 2
MPI rank 2/16 thread 6/16 host dec0153 cpu 2 core 2 socket 0 numa 0 l3 0 place 0 nallowed 1 affinity 2
MPI rank 2/16 thread 7/16 host dec0153 cpu 2 core 2 socket 0 numa 0 l3 0 place 0 nallowed 1 affinity 2
MPI rank 2/16 thread 8/16 host dec0153 cpu 2 core 2 socket 0 numa 0 l3 0 place 0 nallowed 1 affinity 2
MPI rank 2/16 thread 9/16 host dec0153 cpu 2 core 2 socket 0 numa 0 l3 0 place 0 nallowed 1 affinity 2
MPI rank 2/16 thread 10/16 host dec0153 cpu 2 core 2 socket 0 numa 0 l3 0 place 0 nallowed 1 affinity 2
MPI rank 2/16 thread 11/16 host dec0153 cpu 2 core 2 socket 0 numa 0 l3 0 place 0 nallowed 1 affinity 2
MPI rank 2/16 thread 12/16 host dec0153 cpu 2 core 2 socket 0 numa 0 l3 0 place 0 nallowed 1 affinity 2
MPI rank 2/16 thread 13/16 host dec0153 cpu 2 core 2 socket 0 numa 0 l3 0 place 0 nallowed 1 affinity 2
MPI rank 2/16 thread 14/16 host dec0153 cpu 2 core 2 socket 0 numa 0 l3 0 place 0 nallowed 1 affinity 2
MPI rank 2/16 thread 15/16 host dec0153 cpu 2 core 2 socket 0 numa 0 l3 0 place 0 nallowed 1 affinity 2
MPI rank 3/16 thread 0/16 host dec0153 cpu 3 core 3 socket 0 numa 0 l3 0 place 0 nallowed 1 affinity 3
MPI rank 3/16 thread 1/16 host dec0153 cpu 3 core 3 socket 0 numa 0 l3 0 place 0 nallowed 1 affinity 3
MPI rank 3/16 thread 2/16 host dec0153 cpu 3 core 3 socket 0 numa 0 l3 0 place 0 nallowed 1 affinity 3
MPI rank 3/16 thread 3/16 host dec0153 cpu 3 core 3 socket 0 numa 0 l3 0 place 0 nallowed 1 affinity 3
MPI rank 3/16 thread 4/16 host dec0153 cpu 3 core 3 socket 0 numa 0 l3 0 place 0 nallowed 1 affinity 3
MPI rank 3/16 thread 5/16 host dec0153 cpu 3 core 3 socket 0 numa 0 l3 0 place 0 nallowed 1 affinity 3
MPI rank 3/16 thread 6/16 host dec0153 cpu 3 core 3 socket 0 numa 0 l3 0 place 0 nallowed 1 affinity 3
MPI rank 3/16 thread 7/16 host dec0153 cpu 3 core 3 socket 0 numa 0 l3 0 place 0 nallowed 1 affinity 3
MPI rank 3/16 thread 8/16 host dec0153 cpu 3 core 3 socket 0 numa 0 l3 0 place 0 nallowed 1 affinity 3
MPI rank 3/16 thread 9/16 host dec0153 cpu 3 core 3 socket 0 numa 0 l3 0 place 0 nallowed 1 affinity 3
MPI rank 3/16 thread 10/16 host dec0153 cpu 3 core 3 socket 0 numa 0 l3 0 place 0 nallowed 1 affinity 3
MPI rank 3/16 thread 11/16 host dec0153 cpu 3 core 3 socket 0 numa 0 l3 0 place 0 nallowed 1 affinity 3
MPI rank 3/16 thread 12/16 host dec0153 cpu 3 core 3 socket 0 numa 0 l3 0 place 0 nallowed 1 affinity 3
MPI rank 3/16 thread 13/16 host dec0153 cpu 3 core 3 socket 0 numa 0 l3 0 place 0 nallowed 1 affinity 3
MPI rank 3/16 thread 14/16 host dec0153 cpu 3 core 3 socket 0 numa 0 l3 0 place 0 nallowed 1 affinity 3
MPI rank 3/16 thread 15/16 host dec0153 cpu 3 core 3 socket 0 numa 0 l3 0 place 0 nallowed 1 affinity 3
MPI rank 4/16 thread 0/16 host dec0153 cpu 4 core 4 socket 0 numa 0 l3 0 place 0 nallowed 1 affinity 4
MPI rank 4/16 thread 1/16 host dec0153 cpu 4 core 4 socket 0 numa 0 l3 0 place 0 nallowed 1 affinity 4
MPI rank 4/16 thread 2/16 host dec0153 cpu 4 core 4 socket 0 numa 0 l3 0 place 0 nallowed 1 affinity 4
MPI rank 4/16 thread 3/16 host dec0153 cpu 4 core 4 socket 0 numa 0 l3 0 place 0 nallowed 1 affinity 4
MPI rank 4/16 thread 4/16 host dec0153 cpu 4 core 4 socket 0 numa 0 l3 0 place 0 nallowed 1 affinity 4
MPI rank 4/16 thread 5/16 host dec0153 cpu 4 core 4 socket 0 numa 0 l3 0 place 0 nallowed 1 affinity 4
MPI rank 4/16 thread 6/16 host dec0153 cpu 4 core 4 socket 0 numa 0 l3 0 place 0 nallowed 1 affinity 4
MPI rank 4/16 thread 7/16 host dec0153 cpu 4 core 4 socket 0 numa 0 l3 0 place 0 nallowed 1 affinity 4
MPI rank 4/16 thread 8/16 host dec0153 cpu 4 core 4 socket 0 numa 0 l3 0 place 0 nallowed 1 affinity 4
MPI rank 4/16 thread 9/16 host dec0153 cpu 4 core 4 socket 0 numa 0 l3 0 place 0 nallowed 1 affinity 4
MPI rank 4/16 thread 10/16 host dec0153 cpu 4 core 4 socket 0 numa 0 l3 0 place 0 nallowed 1 affinity 4
MPI rank 4/16 thread 11/16 host dec0153 cpu 4 core 4 socket 0 numa 0 l3 0 place 0 nallowed 1 affinity 4
MPI rank 4/16 thread 12/16 host dec0153 cpu 4 core 4 socket 0 numa 0 l3 0 place 0 nallowed 1 affinity 4
MPI rank 4/16 thread 13/16 host dec0153 cpu 4 core 4 socket 0 numa 0 l3 0 place 0 nallowed 1 affinity 4
MPI rank 4/16 thread 14/16 host dec0153 cpu 4 core 4 socket 0 numa 0 l3 0 place 0 nallowed 1 affinity 4
MPI rank 4/16 thread 15/16 host dec0153 cpu 4 core 4 socket 0 numa 0 l3 0 place 0 nallowed 1 affinity 4
MPI rank 5/16 thread 0/16 host dec0153 cpu 5 core 5 socket 0 numa 0 l3 0 place 0 nallowed 1 affinity 5
MPI rank 5/16 thread 1/16 host dec0153 cpu 5 core 5 socket 0 numa 0 l3 0 place 0 nallowed 1 affinity 5
MPI rank 5/16 thread 2/16 host dec0153 cpu 5 core 5 socket 0 numa 0 l3 0 place 0 nallowed 1 affinity 5
MPI rank 5/16 thread 3/16 host dec0153 cpu 5 core 5 socket 0 numa 0 l3 0 place 0 nallowed 1 affinity 5
MPI rank 5/16 thread 4/16 host dec0153 cpu 5 core 5 socket 0 numa 0 l3 0 place 0 nallowed 1 affinity 5
MPI rank 5/16 thread 5/16 host dec0153 cpu 5 core 5 socket 0 numa 0 l3 0 place 0 nallowed 1 affinity 5
MPI rank 5/16 thread 6/16 host dec0153 cpu 5 core 5 socket 0 numa 0 l3 0 place 0 nallowed 1 affinity 5
MPI rank 5/16 thread 7/16 host dec0153 cpu 5 core 5 socket 0 numa 0 l3 0 place 0 nallowed 1 affinity 5
MPI rank 5/16 thread 8/16 host dec0153 cpu 5 core 5 socket 0 numa 0 l3 0 place 0 nallowed 1 affinity 5
MPI rank 5/16 thread 9/16 host dec0153 cpu 5 core 5 socket 0 numa 0 l3 0 place 0 nallowed 1 affinity 5
MPI rank 5/16 thread 10/16 host dec0153 cpu 5 core 5 socket 0 numa 0 l3 0 place 0 nallowed 1 affinity 5
MPI rank 5/16 thread 11/16 host dec0153 cpu 5 core 5 socket 0 numa 0 l3 0 place 0 nallowed 1 affinity 5
MPI rank 5/16 thread 12/16 host dec0153 cpu 5 core 5 socket 0 numa 0 l3 0 place 0 nallowed 1 affinity 5
MPI rank 5/16 thread 13/16 host dec0153 cpu 5 core 5 socket 0 numa 0 l3 0 place 0 nallowed 1 affinity 5
MPI rank 5/16 thread 14/16 host dec0153 cpu 5 core 5 socket 0 numa 0 l3 0 place 0 nallowed 1 affinity 5
MPI rank 5/16 thread 15/16 host dec0153 cpu 5 core 5 socket 0 numa 0 l3 0 place 0 nallowed 1 affinity 5
MPI rank 6/16 thread 0/16 host dec0153 cpu 6 core 6 socket 0 numa 0 l3 0 place 0 nallowed 1 affinity 6
MPI rank 6/16 thread 1/16 host dec0153 cpu 6 core 6 socket 0 numa 0 l3 0 place 0 nallowed 1 affinity 6
MPI rank 6/16 thread 2/16 host dec0153 cpu 6 core 6 socket 0 numa 0 l3 0 place 0 nallowed 1 affinity 6
MPI rank 6/16 thread 3/16 host dec0153 cpu 6 core 6 socket 0 numa 0 l3 0 place 0 nallowed 1 affinity 6
MPI rank 6/16 thread 4/16 host dec0153 cpu 6 core 6 socket 0 numa 0 l3 0 place 0 nallowed 1 affinity 6
MPI rank 6/16 thread 5/16 host dec0153 cpu 6 core 6 socket 0 numa 0 l3 0 place 0 nallowed 1 affinity 6
MPI rank 6/16 thread 6/16 host dec0153 cpu 6 core 6 socket 0 numa 0 l3 0 place 0 nallowed 1 affinity 6
MPI rank 6/16 thread 7/16 host dec0153 cpu 6 core 6 socket 0 numa 0 l3 0 place 0 nallowed 1 affinity 6
MPI rank 6/16 thread 8/16 host dec0153 cpu 6 core 6 socket 0 numa 0 l3 0 place 0 nallowed 1 affinity 6
MPI rank 6/16 thread 9/16 host dec0153 cpu 6 core 6 socket 0 numa 0 l3 0 place 0 nallowed 1 affinity 6
MPI rank 6/16 thread 10/16 host dec0153 cpu 6 core 6 socket 0 numa 0 l3 0 place 0 nallowed 1 affinity 6
MPI rank 6/16 thread 11/16 host dec0153 cpu 6 core 6 socket 0 numa 0 l3 0 place 0 nallowed 1 affinity 6
MPI rank 6/16 thread 12/16 host dec0153 cpu 6 core 6 socket 0 numa 0 l3 0 place 0 nallowed 1 affinity 6
MPI rank 6/16 thread 13/16 host dec0153 cpu 6 core 6 socket 0 numa 0 l3 0 place 0 nallowed 1 affinity 6
MPI rank 6/16 thread 14/16 host dec0153 cpu 6 core 6 socket 0 numa 0 l3 0 place 0 nallowed 1 affinity 6
MPI rank 6/16 thread 15/16 host dec0153 cpu 6 core 6 socket 0 numa 0 l3 0 place 0 nallowed 1 affinity 6
MPI rank 7/16 thread 0/16 host dec0153 cpu 7 core 7 socket 0 numa 0 l3 0 place 0 nallowed 1 affinity 7
MPI rank 7/16 thread 1/16 host dec0153 cpu 7 core 7 socket 0 numa 0 l3 0 place 0 nallowed 1 affinity 7
MPI rank 7/16 thread 2/16 host dec0153 cpu 7 core 7 socket 0 numa 0 l3 0 place 0 nallowed 1 affinity 7
MPI rank 7/16 thread 3/16 host dec0153 cpu 7 core 7 socket 0 numa 0 l3 0 place 0 nallowed 1 affinity 7
MPI rank 7/16 thread 4/16 host dec0153 cpu 7 core 7 socket 0 numa 0 l3 0 place 0 nallowed 1 affinity 7
MPI rank 7/16 thread 5/16 host dec0153 cpu 7 core 7 socket 0 numa 0 l3 0 place 0 nallowed 1 affinity 7
MPI rank 7/16 thread 6/16 host dec0153 cpu 7 core 7 socket 0 numa 0 l3 0 place 0 nallowed 1 affinity 7
MPI rank 7/16 thread 7/16 host dec0153 cpu 7 core 7 socket 0 numa 0 l3 0 place 0 nallowed 1 affinity 7
MPI rank 7/16 thread 8/16 host dec0153 cpu 7 core 7 socket 0 numa 0 l3 0 place 0 nallowed 1 affinity 7
MPI rank 7/16 thread 9/16 host dec0153 cpu 7 core 7 socket 0 numa 0 l3 0 place 0 nallowed 1 affinity 7
MPI rank 7/16 thread 10/16 host dec0153 cpu 7 core 7 socket 0 numa 0 l3 0 place 0 nallowed 1 affinity 7
MPI rank 7/16 thread 11/16 host dec0153 cpu 7 core 7 socket 0 numa 0 l3 0 place 0 nallowed 1 affinity 7
MPI rank 7/16 thread 12/16 host dec0153 cpu 7 core 7 socket 0 numa 0 l3 0 place 0 nallowed 1 affinity 7
MPI rank 7/16 thread 13/16 host dec0153 cpu 7 core 7 socket 0 numa 0 l3 0 place 0 nallowed 1 affinity 7
MPI rank 7/16 thread 14/16 host dec0153 cpu 7 core 7 socket 0 numa 0 l3 0 place 0 nallowed 1 affinity 7
MPI rank 7/16 thread 15/16 host dec0153 cpu 7 core 7 socket 0 numa 0 l3 0 place 0 nallowed 1 affinity 7
MPI rank 8/16 thread 0/16 host dec0154 cpu 0 core 0 socket 0 numa 0 l3 0 place 0 nallowed 1 affinity 0
MPI rank 8/16 thread 1/16 host dec0154 cpu 0 core 0 socket 0 numa 0 l3 0 place 0 nallowed 1 affinity 0
MPI rank 8/16 thread 2/16 host dec0154 cpu 0 core 0 socket 0 numa 0 l3 0 place 0 nallowed 1 affinity 0
MPI rank 8/16 thread 3/16 host dec0154 cpu 0 core 0 socket 0 numa 0 l3 0 place 0 nallowed 1 affinity 0
MPI rank 8/16 thread 4/16 host dec0154 cpu 0 core 0 socket 0 numa 0 l3 0 place 0 nallowed 1 affinity 0
MPI rank 8/16 thread 5/16 host dec0154 cpu 0 core 0 socket 0 numa 0 l3 0 place 0 nallowed 1 affinity 0
MPI rank 8/16 thread 6/16 host dec0154 cpu 0 core 0 socket 0 numa 0 l3 0 place 0 nallowed 1 affinity 0
MPI rank 8/16 thread 7/16 host dec0154 cpu 0 core 0 socket 0 numa 0 l3 0 place 0 nallowed 1 affinity 0
MPI rank 8/16 thread 8/16 host dec0154 cpu 0 core 0 socket 0 numa 0 l3 0 place 0 nallowed 1 affinity 0
MPI rank 8/16 thread 9/16 host dec0154 cpu 0 core 0 socket 0 numa 0 l3 0 place 0 nallowed 1 affinity 0
MPI rank 8/16 thread 10/16 host dec0154 cpu 0 core 0 socket 0 numa 0 l3 0 place 0 nallowed 1 affinity 0
MPI rank 8/16 thread 11/16 host dec0154 cpu 0 core 0 socket 0 numa 0 l3 0 place 0 nallowed 1 affinity 0
MPI rank 8/16 thread 12/16 host dec0154 cpu 0 core 0 socket 0 numa 0 l3 0 place 0 nallowed 1 affinity 0
MPI rank 8/16 thread 13/16 host dec0154 cpu 0 core 0 socket 0 numa 0 l3 0 place 0 nallowed 1 affinity 0
MPI rank 8/16 thread 14/16 host dec0154 cpu 0 core 0 socket 0 numa 0 l3 0 place 0 nallowed 1 affinity 0
MPI rank 8/16 thread 15/16 host dec0154 cpu 0 core 0 socket 0 numa 0 l3 0 place 0 nallowed 1 affinity 0
MPI rank 9/16 thread 0/16 host dec0154 cpu 1 core 1 socket 0 numa 0 l3 0 place 0 nallowed 1 affinity 1
MPI rank 9/16 thread 1/16 host dec0154 cpu 1 core 1 socket 0 numa 0 l3 0 place 0 nallowed 1 affinity 1
MPI rank 9/16 thread 2/16 host dec0154 cpu 1 core 1 socket 0 numa 0 l3 0 place 0 nallowed 1 affinity 1
MPI rank 9/16 thread 3/16 host dec0154 cpu 1 core 1 socket 0 numa 0 l3 0 place 0 nallowed 1 affinity 1
MPI rank 9/16 thread 4/16 host dec0154 cpu 1 core 1 socket 0 numa 0 l3 0 place 0 nallowed 1 affinity 1
MPI rank 9/16 thread 5/16 host dec0154 cpu 1 core 1 socket 0 numa 0 l3 0 place 0 nallowed 1 affinity 1
MPI rank 9/16 thread 6/16 host dec0154 cpu 1 core 1 socket 0 numa 0 l3 0 place 0 nallowed 1 affinity 1
MPI rank 9/16 thread 7/16 host dec0154 cpu 1 core 1 socket 0 numa 0 l3 0 place 0 nallowed 1 affinity 1
MPI rank 9/16 thread 8/16 host dec0154 cpu 1 core 1 socket 0 numa 0 l3 0 place 0 nallowed 1 affinity 1
MPI rank 9/16 thread 9/16 host dec0154 cpu 1 core 1 socket 0 numa 0 l3 0 place 0 nallowed 1 affinity 1
MPI rank 9/16 thread 10/16 host dec0154 cpu 1 core 1 socket 0 numa 0 l3 0 place 0 nallowed 1 affinity 1
MPI rank 9/16 thread 11/16 host dec0154 cpu 1 core 1 socket 0 numa 0 l3 0 place 0 nallowed 1 affinity 1
MPI rank 9/16 thread 12/16 host dec0154 cpu 1 core 1 socket 0 numa 0 l3 0 place 0 nallowed 1 affinity 1
MPI rank 9/16 thread 13/16 host dec0154 cpu 1 core 1 socket 0 numa 0 l3 0 place 0 nallowed 1 affinity 1
MPI rank 9/16 thread 14/16 host dec0154 cpu 1 core 1 socket 0 numa 0 l3 0 place 0 nallowed 1 affinity 1
MPI rank 9/16 thread 15/16 host dec0154 cpu 1 core 1 socket 0 numa 0 l3 0 place 0 nallowed 1 affinity 1
MPI rank 10/16 thread 0/16 host dec0154 cpu 2 core 2 socket 0 numa 0 l3 0 place 0 nallowed 1 affinity 2
MPI rank 10/16 thread 1/16 host dec0154 cpu 2 core 2 socket 0 numa 0 l3 0 place 0 nallowed 1 affinity 2
MPI rank 10/16 thread 2/16 host dec0154 cpu 2 core 2 socket 0 numa 0 l3 0 place 0 nallowed 1 affinity 2
MPI rank 10/16 thread 3/16 host dec0154 cpu 2 core 2 socket 0 numa 0 l3 0 place 0 nallowed 1 affinity 2
MPI rank 10/16 thread 4/16 host dec0154 cpu 2 core 2 socket 0 numa 0 l3 0 place 0 nallowed 1 affinity 2
MPI rank 10/16 thread 5/16 host dec0154 cpu 2 core 2 socket 0 numa 0 l3 0 place 0 nallowed 1 affinity 2
MPI rank 10/16 thread 6/16 host dec0154 cpu 2 core 2 socket 0 numa 0 l3 0 place 0 nallowed 1 affinity 2
MPI rank 10/16 thread 7/16 host dec0154 cpu 2 core 2 socket 0 numa 0 l3 0 place 0 nallowed 1 affinity 2
MPI rank 10/16 thread 8/16 host dec0154 cpu 2 core 2 socket 0 numa 0 l3 0 place 0 nallowed 1 affinity 2
MPI rank 10/16 thread 9/16 host dec0154 cpu 2 core 2 socket 0 numa 0 l3 0 place 0 nallowed 1 affinity 2
MPI rank 10/16 thread 10/16 host dec0154 cpu 2 core 2 socket 0 numa 0 l3 0 place 0 nallowed 1 affinity 2
MPI rank 10/16 thread 11/16 host dec0154 cpu 2 core 2 socket 0 numa 0 l3 0 place 0 nallowed 1 affinity 2
MPI rank 10/16 thread 12/16 host dec0154 cpu 2 core 2 socket 0 numa 0 l3 0 place 0 nallowed 1 affinity 2
MPI rank 10/16 thread 13/16 host dec0154 cpu 2 core 2 socket 0 numa 0 l3 0 place 0 nallowed 1 affinity 2
MPI rank 10/16 thread 14/16 host dec0154 cpu 2 core 2 socket 0 numa 0 l3 0 place 0 nallowed 1 affinity 2
MPI rank 10/16 thread 15/16 host dec0154 cpu 2 core 2 socket 0 numa 0 l3 0 place 0 nallowed 1 affinity 2
MPI rank 11/16 thread 0/16 host dec0154 cpu 3 core 3 socket 0 numa 0 l3 0 place 0 nallowed 1 affinity 3
MPI rank 11/16 thread 1/16 host dec0154 cpu 3 core 3 socket 0 numa 0 l3 0 place 0 nallowed 1 affinity 3
MPI rank 11/16 thread 2/16 host dec0154 cpu 3 core 3 socket 0 numa 0 l3 0 place 0 nallowed 1 affinity 3
MPI rank 11/16 thread 3/16 host dec0154 cpu 3 core 3 socket 0 numa 0 l3 0 place 0 nallowed 1 affinity 3
MPI rank 11/16 thread 4/16 host dec0154 cpu 3 core 3 socket 0 numa 0 l3 0 place 0 nallowed 1 affinity 3
MPI rank 11/16 thread 5/16 host dec0154 cpu 3 core 3 socket 0 numa 0 l3 0 place 0 nallowed 1 affinity 3
MPI rank 11/16 thread 6/16 host dec0154 cpu 3 core 3 socket 0 numa 0 l3 0 place 0 nallowed 1 affinity 3
MPI rank 11/16 thread 7/16 host dec0154 cpu 3 core 3 socket 0 numa 0 l3 0 place 0 nallowed 1 affinity 3
MPI rank 11/16 thread 8/16 host dec0154 cpu 3 core 3 socket 0 numa 0 l3 0 place 0 nallowed 1 affinity 3
MPI rank 11/16 thread 9/16 host dec0154 cpu 3 core 3 socket 0 numa 0 l3 0 place 0 nallowed 1 affinity 3
MPI rank 11/16 thread 10/16 host dec0154 cpu 3 core 3 socket 0 numa 0 l3 0 place 0 nallowed 1 affinity 3
MPI rank 11/16 thread 11/16 host dec0154 cpu 3 core 3 socket 0 numa 0 l3 0 place 0 nallowed 1 affinity 3
MPI rank 11/16 thread 12/16 host dec0154 cpu 3 core 3 socket 0 numa 0 l3 0 place 0 nallowed 1 affinity 3
MPI rank 11/16 thread 13/16 host dec0154 cpu 3 core 3 socket 0 numa 0 l3 0 place 0 nallowed 1 affinity 3
MPI rank 11/16 thread 14/16 host dec0154 cpu 3 core 3 socket 0 numa 0 l3 0 place 0 nallowed 1 affinity 3
MPI rank 11/16 thread 15/16 host dec0154 cpu 3 core 3 socket 0 numa 0 l3 0 place 0 nallowed 1 affinity 3
MPI rank 12/16 thread 0/16 host dec0154 cpu 4 core 4 socket 0 numa 0 l3 0 place 0 nallowed 1 affinity 4
MPI rank 12/16 thread 1/16 host dec0154 cpu 4 core 4 socket 0 numa 0 l3 0 place 0 nallowed 1 affinity 4
MPI rank 12/16 thread 2/16 host dec0154 cpu 4 core 4 socket 0 numa 0 l3 0 place 0 nallowed 1 affinity 4
MPI rank 12/16 thread 3/16 host dec0154 cpu 4 core 4 socket 0 numa 0 l3 0 place 0 nallowed 1 affinity 4
MPI rank 12/16 thread 4/16 host dec0154 cpu 4 core 4 socket 0 numa 0 l3 0 place 0 nallowed 1 affinity 4
MPI rank 12/16 thread 5/16 host dec0154 cpu 4 core 4 socket 0 numa 0 l3 0 place 0 nallowed 1 affinity 4
MPI rank 12/16 thread 6/16 host dec0154 cpu 4 core 4 socket 0 numa 0 l3 0 place 0 nallowed 1 affinity 4
MPI rank 12/16 thread 7/16 host dec0154 cpu 4 core 4 socket 0 numa 0 l3 0 place 0 nallowed 1 affinity 4
MPI rank 12/16 thread 8/16 host dec0154 cpu 4 core 4 socket 0 numa 0 l3 0 place 0 nallowed 1 affinity 4
MPI rank 12/16 thread 9/16 host dec0154 cpu 4 core 4 socket 0 numa 0 l3 0 place 0 nallowed 1 affinity 4
MPI rank 12/16 thread 10/16 host dec0154 cpu 4 core 4 socket 0 numa 0 l3 0 place 0 nallowed 1 affinity 4
MPI rank 12/16 thread 11/16 host dec0154 cpu 4 core 4 socket 0 numa 0 l3 0 place 0 nallowed 1 affinity 4
MPI rank 12/16 thread 12/16 host dec0154 cpu 4 core 4 socket 0 numa 0 l3 0 place 0 nallowed 1 affinity 4
MPI rank 12/16 thread 13/16 host dec0154 cpu 4 core 4 socket 0 numa 0 l3 0 place 0 nallowed 1 affinity 4
MPI rank 12/16 thread 14/16 host dec0154 cpu 4 core 4 socket 0 numa 0 l3 0 place 0 nallowed 1 affinity 4
MPI rank 12/16 thread 15/16 host dec0154 cpu 4 core 4 socket 0 numa 0 l3 0 place 0 nallowed 1 affinity 4
MPI rank 13/16 thread 0/16 host dec0154 cpu 5 core 5 socket 0 numa 0 l3 0 place 0 nallowed 1 affinity 5
MPI rank 13/16 thread 1/16 host dec0154 cpu 5 core 5 socket 0 numa 0 l3 0 place 0 nallowed 1 affinity 5
MPI rank 13/16 thread 2/16 host dec0154 cpu 5 core 5 socket 0 numa 0 l3 0 place 0 nallowed 1 affinity 5
MPI rank 13/16 thread 3/16 host dec0154 cpu 5 core 5 socket 0 numa 0 l3 0 place 0 nallowed 1 affinity 5
MPI rank 13/16 thread 4/16 host dec0154 cpu 5 core 5 socket 0 numa 0 l3 0 place 0 nallowed 1 affinity 5
MPI rank 13/16 thread 5/16 host dec0154 cpu 5 core 5 socket 0 numa 0 l3 0 place 0 nallowed 1 affinity 5
MPI rank 13/16 thread 6/16 host dec0154 cpu 5 core 5 socket 0 numa 0 l3 0 place 0 nallowed 1 affinity 5
MPI rank 13/16 thread 7/16 host dec0154 cpu 5 core 5 socket 0 numa 0 l3 0 place 0 nallowed 1 affinity 5
MPI rank 13/16 thread 8/16 host dec0154 cpu 5 core 5 socket 0 numa 0 l3 0 place 0 nallowed 1 affinity 5
MPI rank 13/16 thread 9/16 host dec0154 cpu 5 core 5 socket 0 numa 0 l3 0 place 0 nallowed 1 affinity 5
MPI rank 13/16 thread 10/16 host dec0154 cpu 5 core 5 socket 0 numa 0 l3 0 place 0 nallowed 1 affinity 5
MPI rank 13/16 thread 11/16 host dec0154 cpu 5 core 5 socket 0 numa 0 l3 0 place 0 nallowed 1 affinity 5
MPI rank 13/16 thread 12/16 host dec0154 cpu 5 core 5 socket 0 numa 0 l3 0 place 0 nallowed 1 affinity 5
MPI rank 13/16 thread 13/16 host dec0154 cpu 5 core 5 socket 0 numa 0 l3 0 place 0 nallowed 1 affinity 5
MPI rank 13/16 thread 14/16 host dec0154 cpu 5 core 5 socket 0 numa 0 l3 0 place 0 nallowed 1 affinity 5
MPI rank 13/16 thread 15/16 host dec0154 cpu 5 core 5 socket 0 numa 0 l3 0 place 0 nallowed 1 affinity 5
MPI rank 14/16 thread 0/16 host dec0154 cpu 6 core 6 socket 0 numa 0 l3 0 place 0 nallowed 1 affinity 6
MPI rank 14/16 thread 1/16 host dec0154 cpu 6 core 6 socket 0 numa 0 l3 0 place 0 nallowed 1 affinity 6
MPI rank 14/16 thread 2/16 host dec0154 cpu 6 core 6 socket 0 numa 0 l3 0 place 0 nallowed 1 affinity 6
MPI rank 14/16 thread 3/16 host dec0154 cpu 6 core 6 socket 0 numa 0 l3 0 place 0 nallowed 1 affinity 6
MPI rank 14/16 thread 4/16 host dec0154 cpu 6 core 6 socket 0 numa 0 l3 0 place 0 nallowed 1 affinity 6
MPI rank 14/16 thread 5/16 host dec0154 cpu 6 core 6 socket 0 numa 0 l3 0 place 0 nallowed 1 affinity 6
MPI rank 14/16 thread 6/16 host dec0154 cpu 6 core 6 socket 0 numa 0 l3 0 place 0 nallowed 1 affinity 6
MPI rank 14/16 thread 7/16 host dec0154 cpu 6 core 6 socket 0 numa 0 l3 0 place 0 nallowed 1 affinity 6
MPI rank 14/16 thread 8/16 host dec0154 cpu 6 core 6 socket 0 numa 0 l3 0 place 0 nallowed 1 affinity 6
MPI rank 14/16 thread 9/16 host dec0154 cpu 6 core 6 socket 0 numa 0 l3 0 place 0 nallowed 1 affinity 6
MPI rank 14/16 thread 10/16 host dec0154 cpu 6 core 6 socket 0 numa 0 l3 0 place 0 nallowed 1 affinity 6
MPI rank 14/16 thread 11/16 host dec0154 cpu 6 core 6 socket 0 numa 0 l3 0 place 0 nallowed 1 affinity 6
MPI rank 14/16 thread 12/16 host dec0154 cpu 6 core 6 socket 0 numa 0 l3 0 place 0 nallowed 1 affinity 6
MPI rank 14/16 thread 13/16 host dec0154 cpu 6 core 6 socket 0 numa 0 l3 0 place 0 nallowed 1 affinity 6
MPI rank 14/16 thread 14/16 host dec0154 cpu 6 core 6 socket 0 numa 0 l3 0 place 0 nallowed 1 affinity 6
MPI rank 14/16 thread 15/16 host dec0154 cpu 6 core 6 socket 0 numa 0 l3 0 place 0 nallowed 1 affinity 6
MPI rank 15/16 thread 0/16 host dec0154 cpu 7 core 7 socket 0 numa 0 l3 0 place 0 nallowed 1 affinity 7
MPI rank 15/16 thread 1/16 host dec0154 cpu 7 core 7 socket 0 numa 0 l3 0 place 0 nallowed 1 affinity 7
MPI rank 15/16 thread 2/16 host dec0154 cpu 7 core 7 socket 0 numa 0 l3 0 place 0 nallowed 1 affinity 7
MPI rank 15/16 thread 3/16 host dec0154 cpu 7 core 7 socket 0 numa 0 l3 0 place 0 nallowed 1 affinity 7
MPI rank 15/16 thread 4/16 host dec0154 cpu 7 core 7 socket 0 numa 0 l3 0 place 0 nallowed 1 affinity 7
MPI rank 15/16 thread 5/16 host dec0154 cpu 7 core 7 socket 0 numa 0 l3 0 place 0 nallowed 1 affinity 7
MPI rank 15/16 thread 6/16 host dec0154 cpu 7 core 7 socket 0 numa 0 l3 0 place 0 nallowed 1 affinity 7
MPI rank 15/16 thread 7/16 host dec0154 cpu 7 core 7 socket 0 numa 0 l3 0 place 0 nallowed 1 affinity 7
MPI rank 15/16 thread 8/16 host dec0154 cpu 7 core 7 socket 0 numa 0 l3 0 place 0 nallowed 1 affinity 7
MPI rank 15/16 thread 9/16 host dec0154 cpu 7 core 7 socket 0 numa 0 l3 0 place 0 nallowed 1 affinity 7
MPI rank 15/16 thread 10/16 host dec0154 cpu 7 core 7 socket 0 numa 0 l3 0 place 0 nallowed 1 affinity 7
MPI rank 15/16 thread 11/16 host dec0154 cpu 7 core 7 socket 0 numa 0 l3 0 place 0 nallowed 1 affinity 7
MPI rank 15/16 thread 12/16 host dec0154 cpu 7 core 7 socket 0 numa 0 l3 0 place 0 nallowed 1 affinity 7
MPI rank 15/16 thread 13/16 host dec0154 cpu 7 core 7 socket 0 numa 0 l3 0 place 0 nallowed 1 affinity 7
MPI rank 15/16 thread 14/16 host dec0154 cpu 7 core 7 socket 0 numa 0 l3 0 place 0 nallowed 1 affinity 7
MPI rank 15/16 thread 15/16 host dec0154 cpu 7 core 7 socket 0 numa 0 l3 0 place 0 nallowed 1 affinity 7
csv: rank,thread,nthreads,host,cpu,core,socket,numa,l3,place,nallowed,affinity
csv: 0,0,16,dec0153,0,0,0,0,0,0,1,"0"
csv: 0,1,16,dec0153,0,0,0,0,0,0,1,"0"
csv: 0,2,16,dec0153,0,0,0,0,0,0,1,"0"
csv: 0,3,16,dec0153,0,0,0,0,0,0,1,"0"
csv: 0,4,16,dec0153,0,0,0,0,0,0,1,"0"
csv: 0,5,16,dec0153,0,0,0,0,0,0,1,"0"
csv: 0,6,16,dec0153,0,0,0,0,0,0,1,"0"
csv: 0,7,16,dec0153,0,0,0,0,0,0,1,"0"
csv: 0,8,16,dec0153,0,0,0,0,0,0,1,"0"
csv: 0,9,16,dec0153,0,0,0,0,0,0,1,"0"
csv: 0,10,16,dec0153,0,0,0,0,0,0,1,"0"
csv: 0,11,16,dec0153,0,0,0,0,0,0,1,"0"
csv: 0,12,16,dec0153,0,0,0,0,0,0,1,"0"
csv: 0,13,16,dec0153,0,0,0,0,0,0,1,"0"
csv: 0,14,16,dec0153,0,0,0,0,0,0,1,"0"
csv: 0,15,16,dec0153,0,0,0,0,0,0,1,"0"
csv: 1,0,16,dec0153,1,1,0,0,0,0,1,"1"
csv: 1,1,16,dec0153,1,1,0,0,0,0,1,"1"
csv: 1,2,16,dec0153,1,1,0,0,0,0,1,"1"
csv: 1,3,16,dec0153,1,1,0,0,0,0,1,"1"
csv: 1,4,16,dec0153,1,1,0,0,0,0,1,"1"
csv: 1,5,16,dec0153,1,1,0,0,0,0,1,"1"
csv: 1,6,16,dec0153,1,1,0,0,0,0,1,"1"
csv: 1,7,16,dec0153,1,1,0,0,0,0,1,"1"
csv: 1,8,16,dec0153,1,1,0,0,0,0,1,"1"
csv: 1,9,16,dec0153,1,1,0,0,0,0,1,"1"
csv: 1,10,16,dec0153,1,1,0,0,0,0,1,"1"
csv: 1,11,16,dec0153,1,1,0,0,0,0,1,"1"
csv: 1,12,16,dec0153,1,1,0,0,0,0,1,"1"
csv: 1,13,16,dec0153,1,1,0,0,0,0,1,"1"
csv: 1,14,16,dec0153,1,1,0,0,0,0,1,"1"
csv: 1,15,16,dec0153,1,1,0,0,0,0,1,"1"
csv: 2,0,16,dec0153,2,2,0,0,0,0,1,"2"
csv: 2,1,16,dec0153,2,2,0,0,0,0,1,"2"
csv: 2,2,16,dec0153,2,2,0,0,0,0,1,"2"
csv: 2,3,16,dec0153,2,2,0,0,0,0,1,"2"
csv: 2,4,16,dec0153,2,2,0,0,0,0,1,"2"
csv: 2,5,16,dec0153,2,2,0,0,0,0,1,"2"
csv: 2,6,16,dec0153,2,2,0,0,0,0,1,"2"
csv: 2,7,16,dec0153,2,2,0,0,0,0,1,"2"
csv: 2,8,16,dec0153,2,2,0,0,0,0,1,"2"
csv: 2,9,16,dec0153,2,2,0,0,0,0,1,"2"
csv: 2,10,16,dec0153,2,2,0,0,0,0,1,"2"
csv: 2,11,16,dec0153,2,2,0,0,0,0,1,"2"
csv: 2,12,16,dec0153,2,2,0,0,0,0,1,"2"
csv: 2,13,16,dec0153,2,2,0,0,0,0,1,"2"
csv: 2,14,16,dec0153,2,2,0,0,0,0,1,"2"
csv: 2,15,16,dec0153,2,2,0,0,0,0,1,"2"
csv: 3,0,16,dec0153,3,3,0,0,0,0,1,"3"
csv: 3,1,16,dec0153,3,3,0,0,0,0,1,"3"
csv: 3,2,16,dec0153,3,3,0,0,0,0,1,"3"
csv: 3,3,16,dec0153,3,3,0,0,0,0,1,"3"
csv: 3,4,16,dec0153,3,3,0,0,0,0,1,"3"
csv: 3,5,16,dec0153,3,3,0,0,0,0,1,"3"
csv: 3,6,16,dec0153,3,3,0,0,0,0,1,"3"
csv: 3,7,16,dec0153,3,3,0,0,0,0,1,"3"
csv: 3,8,16,dec0153,3,3,0,0,0,0,1,"3"
csv: 3,9,16,dec0153,3,3,0,0,0,0,1,"3"
csv: 3,10,16,dec0153,3,3,0,0,0,0,1,"3"
csv: 3,11,16,dec0153,3,3,0,0,0,0,1,"3"
csv: 3,12,16,dec0153,3,3,0,0,0,0,1,"3"
csv: 3,13,16,dec0153,3,3,0,0,0,0,1,"3"
csv: 3,14,16,dec0153,3,3,0,0,0,0,1,"3"
csv: 3,15,16,dec0153,3,3,0,0,0,0,1,"3"
csv: 4,0,16,dec0153,4,4,0,0,0,0,1,"4"
csv: 4,1,16,dec0153,4,4,0,0,0,0,1,"4"
csv: 4,2,16,dec0153,4,4,0,0,0,0,1,"4"
csv: 4,3,16,dec0153,4,4,0,0,0,0,1,"4"
csv: 4,4,16,dec0153,4,4,0,0,0,0,1,"4"
csv: 4,5,16,dec0153,4,4,0,0,0,0,1,"4"
csv: 4,6,16,dec0153,4,4,0,0,0,0,1,"4"
csv: 4,7,16,dec0153,4,4,0,0,0,0,1,"4"
csv: 4,8,16,dec0153,4,4,0,0,0,0,1,"4"
csv: 4,9,16,dec0153,4,4,0,0,0,0,1,"4"
csv: 4,10,16,dec0153,4,4,0,0,0,0,1,"4"
csv: 4,11,16,dec0153,4,4,0,0,0,0,1,"4"
csv: 4,12,16,dec0153,4,4,0,0,0,0,1,"4"
csv: 4,13,16,dec0153,4,4,0,0,0,0,1,"4"
csv: 4,14,16,dec0153,4,4,0,0,0,0,1,"4"
csv: 4,15,16,dec0153,4,4,0,0,0,0,1,"4"
csv: 5,0,16,dec0153,5,5,0,0,0,0,1,"5"
csv: 5,1,16,dec0153,5,5,0,0,0,0,1,"5"
csv: 5,2,16,dec0153,5,5,0,0,0,0,1,"5"
csv: 5,3,16,dec0153,5,5,0,0,0,0,1,"5"
csv: 5,4,16,dec0153,5,5,0,0,0,0,1,"5"
csv: 5,5,16,dec0153,5,5,0,0,0,0,1,"5"
csv: 5,6,16,dec0153,5,5,0,0,0,0,1,"5"
csv: 5,7,16,dec0153,5,5,0,0,0,0,1,"5"
csv: 5,8,16,dec0153,5,5,0,0,0,0,1,"5"
csv: 5,9,16,dec0153,5,5,0,0,0,0,1,"5"
csv: 5,10,16,dec0153,5,5,0,0,0,0,1,"5"
csv: 5,11,16,dec0153,5,5,0,0,0,0,1,"5"
csv: 5,12,16,dec0153,5,5,0,0,0,0,1,"5"
csv: 5,13,16,dec0153,5,5,0,0,0,0,1,"5"
csv: 5,14,16,dec0153,5,5,0,0,0,0,1,"5"
csv: 5,15,16,dec0153,5,5,0,0,0,0,1,"5"
csv: 6,0,16,dec0153,6,6,0,0,0,0,1,"6"
csv: 6,1,16,dec0153,6,6,0,0,0,0,1,"6"
csv: 6,2,16,dec0153,6,6,0,0,0,0,1,"6"
csv: 6,3,16,dec0153,6,6,0,0,0,0,1,"6"
csv: 6,4,16,dec0153,6,6,0,0,0,0,1,"6"
csv: 6,5,16,dec0153,6,6,0,0,0,0,1,"6"
csv: 6,6,16,dec0153,6,6,0,0,0,0,1,"6"
csv: 6,7,16,dec0153,6,6,0,0,0,0,1,"6"
csv: 6,8,16,dec0153,6,6,0,0,0,0,1,"6"
csv: 6,9,16,dec0153,6,6,0,0,0,0,1,"6"
csv: 6,10,16,dec0153,6,6,0,0,0,0,1,"6"
csv: 6,11,16,dec0153,6,6,0,0,0,0,1,"6"
csv: 6,12,16,dec0153,6,6,0,0,0,0,1,"6"
csv: 6,13,16,dec0153,6,6,0,0,0,0,1,"6"
csv: 6,14,16,dec0153,6,6,0,0,0,0,1,"6"
csv: 6,15,16,dec0153,6,6,0,0,0,0,1,"6"
csv: 7,0,16,dec0153,7,7,0,0,0,0,1,"7"
csv: 7,1,16,dec0153,7,7,0,0,0,0,1,"7"
csv: 7,2,16,dec0153,7,7,0,0,0,0,1,"7"
csv: 7,3,16,dec0153,7,7,0,0,0,0,1,"7"
csv: 7,4,16,dec0153,7,7,0,0,0,0,1,"7"
csv: 7,5,16,dec0153,7,7,0,0,0,0,1,"7"
csv: 7,6,16,dec0153,7,7,0,0,0,0,1,"7"
csv: 7,7,16,dec0153,7,7,0,0,0,0,1,"7"
csv: 7,8,16,dec0153,7,7,0,0,0,0,1,"7"
csv: 7,9,16,dec0153,7,7,0,0,0,0,1,"7"
csv: 7,10,16,dec0153,7,7,0,0,0,0,1,"7"
csv: 7,11,16,dec0153,7,7,0,0,0,0,1,"7"
csv: 7,12,16,dec0153,7,7,0,0,0,0,1,"7"
csv: 7,13,16,dec0153,7,7,0,0,0,0,1,"7"
csv: 7,14,16,dec0153,7,7,0,0,0,0,1,"7"
csv: 7,15,16,dec0153,7,7,0,0,0,0,1,"7"
csv: 8,0,16,dec0154,0,0,0,0,0,0,1,"0"
csv: 8,1,16,dec0154,0,0,0,0,0,0,1,"0"
csv: 8,2,16,dec0154,0,0,0,0,0,0,1,"0"
csv: 8,3,16,dec0154,0,0,0,0,0,0,1,"0"
csv: 8,4,16,dec0154,0,0,0,0,0,0,1,"0"
csv: 8,5,16,dec0154,0,0,0,0,0,0,1,"0"
csv: 8,6,16,dec0154,0,0,0,0,0,0,1,"0"
csv: 8,7,16,dec0154,0,0,0,0,0,0,1,"0"
csv: 8,8,16,dec0154,0,0,0,0,0,0,1,"0"
csv: 8,9,16,dec0154,0,0,0,0,0,0,1,"0"
csv: 8,10,16,dec0154,0,0,0,0,0,0,1,"0"
csv: 8,11,16,dec0154,0,0,0,0,0,0,1,"0"
csv: 8,12,16,dec0154,0,0,0,0,0,0,1,"0"
csv: 8,13,16,dec0154,0,0,0,0,0,0,1,"0"
csv: 8,14,16,dec0154,0,0,0,0,0,0,1,"0"
csv: 8,15,16,dec0154,0,0,0,0,0,0,1,"0"
csv: 9,0,16,dec0154,1,1,0,0,0,0,1,"1"
csv: 9,1,16,dec0154,1,1,0,0,0,0,1,"1"
csv: 9,2,16,dec0154,1,1,0,0,0,0,1,"1"
csv: 9,3,16,dec0154,1,1,0,0,0,0,1,"1"
csv: 9,4,16,dec0154,1,1,0,0,0,0,1,"1"
csv: 9,5,16,dec0154,1,1,0,0,0,0,1,"1"
csv: 9,6,16,dec0154,1,1,0,0,0,0,1,"1"
csv: 9,7,16,dec0154,1,1,0,0,0,0,1,"1"
csv: 9,8,16,dec0154,1,1,0,0,0,0,1,"1"
csv: 9,9,16,dec0154,1,1,0,0,0,0,1,"1"
csv: 9,10,16,dec0154,1,1,0,0,0,0,1,"1"
csv: 9,11,16,dec0154,1,1,0,0,0,0,1,"1"
csv: 9,12,16,dec0154,1,1,0,0,0,0,1,"1"
csv: 9,13,16,dec0154,1,1,0,0,0,0,1,"1"
csv: 9,14,16,dec0154,1,1,0,0,0,0,1,"1"
csv: 9,15,16,dec0154,1,1,0,0,0,0,1,"1"
csv: 10,0,16,dec0154,2,2,0,0,0,0,1,"2"
csv: 10,1,16,dec0154,2,2,0,0,0,0,1,"2"
csv: 10,2,16,dec0154,2,2,0,0,0,0,1,"2"
csv: 10,3,16,dec0154,2,2,0,0,0,0,1,"2"
csv: 10,4,16,dec0154,2,2,0,0,0,0,1,"2"
csv: 10,5,16,dec0154,2,2,0,0,0,0,1,"2"
csv: 10,6,16,dec0154,2,2,0,0,0,0,1,"2"
csv: 10,7,16,dec0154,2,2,0,0,0,0,1,"2"
csv: 10,8,16,dec0154,2,2,0,0,0,0,1,"2"
csv: 10,9,16,dec0154,2,2,0,0,0,0,1,"2"
csv: 10,10,16,dec0154,2,2,0,0,0,0,1,"2"
csv: 10,11,16,dec0154,2,2,0,0,0,0,1,"2"
csv: 10,12,16,dec0154,2,2,0,0,0,0,1,"2"
csv: 10,13,16,dec0154,2,2,0,0,0,0,1,"2"
csv: 10,14,16,dec0154,2,2,0,0,0,0,1,"2"
csv: 10,15,16,dec0154,2,2,0,0,0,0,1,"2"
csv: 11,0,16,dec0154,3,3,0,0,0,0,1,"3"
csv: 11,1,16,dec0154,3,3,0,0,0,0,1,"3"
csv: 11,2,16,dec0154,3,3,0,0,0,0,1,"3"
csv: 11,3,16,dec0154,3,3,0,0,0,0,1,"3"
csv: 11,4,16,dec0154,3,3,0,0,0,0,1,"3"
csv: 11,5,16,dec0154,3,3,0,0,0,0,1,"3"
csv: 11,6,16,dec0154,3,3,0,0,0,0,1,"3"
csv: 11,7,16,dec0154,3,3,0,0,0,0,1,"3"
csv: 11,8,16,dec0154,3,3,0,0,0,0,1,"3"
csv: 11,9,16,dec0154,3,3,0,0,0,0,1,"3"
csv: 11,10,16,dec0154,3,3,0,0,0,0,1,"3"
csv: 11,11,16,dec0154,3,3,0,0,0,0,1,"3"
csv: 11,12,16,dec0154,3,3,0,0,0,0,1,"3"
csv: 11,13,16,dec0154,3,3,0,0,0,0,1,"3"
csv: 11,14,16,dec0154,3,3,0,0,0,0,1,"3"
csv: 11,15,16,dec0154,3,3,0,0,0,0,1,"3"
csv: 12,0,16,dec0154,4,4,0,0,0,0,1,"4"
csv: 12,1,16,dec0154,4,4,0,0,0,0,1,"4"
csv: 12,2,16,dec0154,4,4,0,0,0,0,1,"4"
csv: 12,3,16,dec0154,4,4,0,0,0,0,1,"4"
csv: 12,4,16,dec0154,4,4,0,0,0,0,1,"4"
csv: 12,5,16,dec0154,4,4,0,0,0,0,1,"4"
csv: 12,6,16,dec0154,4,4,0,0,0,0,1,"4"
csv: 12,7,16,dec0154,4,4,0,0,0,0,1,"4"
csv: 12,8,16,dec0154,4,4,0,0,0,0,1,"4"
csv: 12,9,16,dec0154,4,4,0,0,0,0,1,"4"
csv: 12,10,16,dec0154,4,4,0,0,0,0,1,"4"
csv: 12,11,16,dec0154,4,4,0,0,0,0,1,"4"
csv: 12,12,16,dec0154,4,4,0,0,0,0,1,"4"
csv: 12,13,16,dec0154,4,4,0,0,0,0,1,"4"
csv: 12,14,16,dec0154,4,4,0,0,0,0,1,"4"
csv: 12,15,16,dec0154,4,4,0,0,0,0,1,"4"
csv: 13,0,16,dec0154,5,5,0,0,0,0,1,"5"
csv: 13,1,16,dec0154,5,5,0,0,0,0,1,"5"
csv: 13,2,16,dec0154,5,5,0,0,0,0,1,"5"
csv: 13,3,16,dec0154,5,5,0,0,0,0,1,"5"
csv: 13,4,16,dec0154,5,5,0,0,0,0,1,"5"
csv: 13,5,16,dec0154,5,5,0,0,0,0,1,"5"
csv: 13,6,16,dec0154,5,5,0,0,0,0,1,"5"
csv: 13,7,16,dec0154,5,5,0,0,0,0,1,"5"
csv: 13,8,16,dec0154,5,5,0,0,0,0,1,"5"
csv: 13,9,16,dec0154,5,5,0,0,0,0,1,"5"
csv: 13,10,16,dec0154,5,5,0,0,0,0,1,"5"
csv: 13,11,16,dec0154,5,5,0,0,0,0,1,"5"
csv: 13,12,16,dec0154,5,5,0,0,0,0,1,"5"
csv: 13,13,16,dec0154,5,5,0,0,0,0,1,"5"
csv: 13,14,16,dec0154,5,5,0,0,0,0,1,"5"
csv: 13,15,16,dec0154,5,5,0,0,0,0,1,"5"
csv: 14,0,16,dec0154,6,6,0,0,0,0,1,"6"
csv: 14,1,16,dec0154,6,6,0,0,0,0,1,"6"
csv: 14,2,16,dec0154,6,6,0,0,0,0,1,"6"
csv: 14,3,16,dec0154,6,6,0,0,0,0,1,"6"
csv: 14,4,16,dec0154,6,6,0,0,0,0,1,"6"
csv: 14,5,16,dec0154,6,6,0,0,0,0,1,"6"
csv: 14,6,16,dec0154,6,6,0,0,0,0,1,"6"
csv: 14,7,16,dec0154,6,6,0,0,0,0,1,"6"
csv: 14,8,16,dec0154,6,6,0,0,0,0,1,"6"
csv: 14,9,16,dec0154,6,6,0,0,0,0,1,"6"
csv: 14,10,16,dec0154,6,6,0,0,0,0,1,"6"
csv: 14,11,16,dec0154,6,6,0,0,0,0,1,"6"
csv: 14,12,16,dec0154,6,6,0,0,0,0,1,"6"
csv: 14,13,16,dec0154,6,6,0,0,0,0,1,"6"
csv: 14,14,16,dec0154,6,6,0,0,0,0,1,"6"
csv: 14,15,16,dec0154,6,6,0,0,0,0,1,"6"
csv: 15,0,16,dec0154,7,7,0,0,0,0,1,"7"
csv: 15,1,16,dec0154,7,7,0,0,0,0,1,"7"
csv: 15,2,16,dec0154,7,7,0,0,0,0,1,"7"
csv: 15,3,16,dec0154,7,7,0,0,0,0,1,"7"
csv: 15,4,16,dec0154,7,7,0,0,0,0,1,"7"
csv: 15,5,16,dec0154,7,7,0,0,0,0,1,"7"
csv: 15,6,16,dec0154,7,7,0,0,0,0,1,"7"
csv: 15,7,16,dec0154,7,7,0,0,0,0,1,"7"
csv: 15,8,16,dec0154,7,7,0,0,0,0,1,"7"
csv: 15,9,16,dec0154,7,7,0,0,0,0,1,"7"
csv: 15,10,16,dec0154,7,7,0,0,0,0,1,"7"
csv: 15,11,16,dec0154,7,7,0,0,0,0,1,"7"
csv: 15,12,16,dec0154,7,7,0,0,0,0,1,"7"
csv: 15,13,16,dec0154,7,7,0,0,0,0,1,"7"
csv: 15,14,16,dec0154,7,7,0,0,0,0,1,"7"
csv: 15,15,16,dec0154,7,7,0,0,0,0,1,"7"
